May  2 20:36:17 osboxes kernel: [    0.000000] Linux version 5.4.0-26-generic (buildd@lcy01-amd64-029) (gcc version 9.3.0 (Ubuntu 9.3.0-10ubuntu2)) #30-Ubuntu SMP Mon Apr 20 16:58:30 UTC 2020 (Ubuntu 5.4.0-26.30-generic 5.4.30)
May  2 20:36:17 osboxes kernel: [    0.000000] Command line: BOOT_IMAGE=/vmlinuz-5.4.0-26-generic root=UUID=3b87d941-8ee7-4312-98fc-1f26828d62ab ro quiet splash
May  2 20:36:17 osboxes kernel: [    0.000000] KERNEL supported cpus:
May  2 20:36:17 osboxes kernel: [    0.000000]   Intel GenuineIntel
May  2 20:36:17 osboxes kernel: [    0.000000]   AMD AuthenticAMD
May  2 20:36:17 osboxes kernel: [    0.000000]   Hygon HygonGenuine
May  2 20:36:17 osboxes kernel: [    0.000000]   Centaur CentaurHauls
May  2 20:36:17 osboxes kernel: [    0.000000]   zhaoxin   Shanghai  
May  2 20:36:17 osboxes kernel: [    0.000000] x86/fpu: Supporting XSAVE feature 0x001: 'x87 floating point registers'
May  2 20:36:17 osboxes kernel: [    0.000000] x86/fpu: Supporting XSAVE feature 0x002: 'SSE registers'
May  2 20:36:17 osboxes kernel: [    0.000000] x86/fpu: Supporting XSAVE feature 0x004: 'AVX registers'
May  2 20:36:17 osboxes kernel: [    0.000000] x86/fpu: xstate_offset[2]:  576, xstate_sizes[2]:  256
May  2 20:36:17 osboxes kernel: [    0.000000] x86/fpu: Enabled xstate features 0x7, context size is 832 bytes, using 'standard' format.
May  2 20:36:17 osboxes kernel: [    0.000000] BIOS-provided physical RAM map:
May  2 20:36:17 osboxes kernel: [    0.000000] BIOS-e820: [mem 0x0000000000000000-0x000000000009fbff] usable
May  2 20:36:17 osboxes kernel: [    0.000000] BIOS-e820: [mem 0x000000000009fc00-0x000000000009ffff] reserved
May  2 20:36:17 osboxes kernel: [    0.000000] BIOS-e820: [mem 0x00000000000f0000-0x00000000000fffff] reserved
May  2 20:36:17 osboxes kernel: [    0.000000] BIOS-e820: [mem 0x0000000000100000-0x00000000dffeffff] usable
May  2 20:36:17 osboxes kernel: [    0.000000] BIOS-e820: [mem 0x00000000dfff0000-0x00000000dfffffff] ACPI data
May  2 20:36:17 osboxes kernel: [    0.000000] BIOS-e820: [mem 0x00000000fec00000-0x00000000fec00fff] reserved
May  2 20:36:17 osboxes kernel: [    0.000000] BIOS-e820: [mem 0x00000000fee00000-0x00000000fee00fff] reserved
May  2 20:36:17 osboxes kernel: [    0.000000] BIOS-e820: [mem 0x00000000fffc0000-0x00000000ffffffff] reserved
May  2 20:36:17 osboxes kernel: [    0.000000] BIOS-e820: [mem 0x0000000100000000-0x000000019fffffff] usable
May  2 20:36:17 osboxes kernel: [    0.000000] NX (Execute Disable) protection: active
May  2 20:36:17 osboxes kernel: [    0.000000] SMBIOS 2.5 present.
May  2 20:36:17 osboxes kernel: [    0.000000] DMI: innotek GmbH VirtualBox/VirtualBox, BIOS VirtualBox 12/01/2006
May  2 20:36:17 osboxes kernel: [    0.000000] Hypervisor detected: KVM
May  2 20:36:17 osboxes kernel: [    0.000000] kvm-clock: Using msrs 4b564d01 and 4b564d00
May  2 20:36:17 osboxes kernel: [    0.000000] kvm-clock: cpu 0, msr 17e201001, primary cpu clock
May  2 20:36:17 osboxes kernel: [    0.000000] kvm-clock: using sched offset of 854782199500 cycles
May  2 20:36:17 osboxes kernel: [    0.000002] clocksource: kvm-clock: mask: 0xffffffffffffffff max_cycles: 0x1cd42e4dffb, max_idle_ns: 881590591483 ns
May  2 20:36:17 osboxes kernel: [    0.000004] tsc: Detected 2593.920 MHz processor
May  2 20:36:17 osboxes kernel: [    0.001327] e820: update [mem 0x00000000-0x00000fff] usable ==> reserved
May  2 20:36:17 osboxes kernel: [    0.001329] e820: remove [mem 0x000a0000-0x000fffff] usable
May  2 20:36:17 osboxes kernel: [    0.001332] last_pfn = 0x1a0000 max_arch_pfn = 0x400000000
May  2 20:36:17 osboxes kernel: [    0.001341] MTRR default type: uncachable
May  2 20:36:17 osboxes kernel: [    0.001341] MTRR variable ranges disabled:
May  2 20:36:17 osboxes kernel: [    0.001343] Disabled
May  2 20:36:17 osboxes kernel: [    0.001344] x86/PAT: MTRRs disabled, skipping PAT initialization too.
May  2 20:36:17 osboxes kernel: [    0.001345] CPU MTRRs all blank - virtualized system.
May  2 20:36:17 osboxes kernel: [    0.001347] x86/PAT: Configuration [0-7]: WB  WT  UC- UC  WB  WT  UC- UC  
May  2 20:36:17 osboxes kernel: [    0.001350] last_pfn = 0xdfff0 max_arch_pfn = 0x400000000
May  2 20:36:17 osboxes kernel: [    0.001417] found SMP MP-table at [mem 0x0009fff0-0x0009ffff]
May  2 20:36:17 osboxes kernel: [    0.065464] check: Scanning 1 areas for low memory corruption
May  2 20:36:17 osboxes kernel: [    0.065488] BRK [0x17e401000, 0x17e401fff] PGTABLE
May  2 20:36:17 osboxes kernel: [    0.065490] BRK [0x17e402000, 0x17e402fff] PGTABLE
May  2 20:36:17 osboxes kernel: [    0.065491] BRK [0x17e403000, 0x17e403fff] PGTABLE
May  2 20:36:17 osboxes kernel: [    0.065513] BRK [0x17e404000, 0x17e404fff] PGTABLE
May  2 20:36:17 osboxes kernel: [    0.065514] BRK [0x17e405000, 0x17e405fff] PGTABLE
May  2 20:36:17 osboxes kernel: [    0.065563] BRK [0x17e406000, 0x17e406fff] PGTABLE
May  2 20:36:17 osboxes kernel: [    0.065572] BRK [0x17e407000, 0x17e407fff] PGTABLE
May  2 20:36:17 osboxes kernel: [    0.065581] BRK [0x17e408000, 0x17e408fff] PGTABLE
May  2 20:36:17 osboxes kernel: [    0.065596] BRK [0x17e409000, 0x17e409fff] PGTABLE
May  2 20:36:17 osboxes kernel: [    0.065814] RAMDISK: [mem 0x3219b000-0x350c4fff]
May  2 20:36:17 osboxes kernel: [    0.065825] ACPI: Early table checksum verification disabled
May  2 20:36:17 osboxes kernel: [    0.065830] ACPI: RSDP 0x00000000000E0000 000024 (v02 VBOX  )
May  2 20:36:17 osboxes kernel: [    0.065833] ACPI: XSDT 0x00000000DFFF0030 00003C (v01 VBOX   VBOXXSDT 00000001 ASL  00000061)
May  2 20:36:17 osboxes kernel: [    0.065839] ACPI: FACP 0x00000000DFFF00F0 0000F4 (v04 VBOX   VBOXFACP 00000001 ASL  00000061)
May  2 20:36:17 osboxes kernel: [    0.065844] ACPI: DSDT 0x00000000DFFF0470 0021FF (v02 VBOX   VBOXBIOS 00000002 INTL 20180105)
May  2 20:36:17 osboxes kernel: [    0.065848] ACPI: FACS 0x00000000DFFF0200 000040
May  2 20:36:17 osboxes kernel: [    0.065851] ACPI: FACS 0x00000000DFFF0200 000040
May  2 20:36:17 osboxes kernel: [    0.065853] ACPI: APIC 0x00000000DFFF0240 000054 (v02 VBOX   VBOXAPIC 00000001 ASL  00000061)
May  2 20:36:17 osboxes kernel: [    0.065856] ACPI: SSDT 0x00000000DFFF02A0 0001CC (v01 VBOX   VBOXCPUT 00000002 INTL 20180105)
May  2 20:36:17 osboxes kernel: [    0.065866] ACPI: Local APIC address 0xfee00000
May  2 20:36:17 osboxes kernel: [    0.066030] No NUMA configuration found
May  2 20:36:17 osboxes kernel: [    0.066031] Faking a node at [mem 0x0000000000000000-0x000000019fffffff]
May  2 20:36:17 osboxes kernel: [    0.066051] NODE_DATA(0) allocated [mem 0x19ffd3000-0x19fffdfff]
May  2 20:36:17 osboxes kernel: [    0.066425] Zone ranges:
May  2 20:36:17 osboxes kernel: [    0.066426]   DMA      [mem 0x0000000000001000-0x0000000000ffffff]
May  2 20:36:17 osboxes kernel: [    0.066427]   DMA32    [mem 0x0000000001000000-0x00000000ffffffff]
May  2 20:36:17 osboxes kernel: [    0.066428]   Normal   [mem 0x0000000100000000-0x000000019fffffff]
May  2 20:36:17 osboxes kernel: [    0.066429]   Device   empty
May  2 20:36:17 osboxes kernel: [    0.066429] Movable zone start for each node
May  2 20:36:17 osboxes kernel: [    0.066432] Early memory node ranges
May  2 20:36:17 osboxes kernel: [    0.066432]   node   0: [mem 0x0000000000001000-0x000000000009efff]
May  2 20:36:17 osboxes kernel: [    0.066433]   node   0: [mem 0x0000000000100000-0x00000000dffeffff]
May  2 20:36:17 osboxes kernel: [    0.066434]   node   0: [mem 0x0000000100000000-0x000000019fffffff]
May  2 20:36:17 osboxes kernel: [    0.066764] Zeroed struct page in unavailable ranges: 114 pages
May  2 20:36:17 osboxes kernel: [    0.066765] Initmem setup node 0 [mem 0x0000000000001000-0x000000019fffffff]
May  2 20:36:17 osboxes kernel: [    0.066766] On node 0 totalpages: 1572750
May  2 20:36:17 osboxes kernel: [    0.066767]   DMA zone: 64 pages used for memmap
May  2 20:36:17 osboxes kernel: [    0.066768]   DMA zone: 21 pages reserved
May  2 20:36:17 osboxes kernel: [    0.066769]   DMA zone: 3998 pages, LIFO batch:0
May  2 20:36:17 osboxes kernel: [    0.066804]   DMA32 zone: 14272 pages used for memmap
May  2 20:36:17 osboxes kernel: [    0.066805]   DMA32 zone: 913392 pages, LIFO batch:63
May  2 20:36:17 osboxes kernel: [    0.079520]   Normal zone: 10240 pages used for memmap
May  2 20:36:17 osboxes kernel: [    0.079522]   Normal zone: 655360 pages, LIFO batch:63
May  2 20:36:17 osboxes kernel: [    0.088858] ACPI: PM-Timer IO Port: 0x4008
May  2 20:36:17 osboxes kernel: [    0.088862] ACPI: Local APIC address 0xfee00000
May  2 20:36:17 osboxes kernel: [    0.088927] IOAPIC[0]: apic_id 1, version 32, address 0xfec00000, GSI 0-23
May  2 20:36:17 osboxes kernel: [    0.088931] ACPI: INT_SRC_OVR (bus 0 bus_irq 0 global_irq 2 dfl dfl)
May  2 20:36:17 osboxes kernel: [    0.088932] ACPI: INT_SRC_OVR (bus 0 bus_irq 9 global_irq 9 low level)
May  2 20:36:17 osboxes kernel: [    0.088933] ACPI: IRQ0 used by override.
May  2 20:36:17 osboxes kernel: [    0.088934] ACPI: IRQ9 used by override.
May  2 20:36:17 osboxes kernel: [    0.088936] Using ACPI (MADT) for SMP configuration information
May  2 20:36:17 osboxes kernel: [    0.088942] smpboot: Allowing 1 CPUs, 0 hotplug CPUs
May  2 20:36:17 osboxes kernel: [    0.088960] PM: Registered nosave memory: [mem 0x00000000-0x00000fff]
May  2 20:36:17 osboxes kernel: [    0.088961] PM: Registered nosave memory: [mem 0x0009f000-0x0009ffff]
May  2 20:36:17 osboxes kernel: [    0.088962] PM: Registered nosave memory: [mem 0x000a0000-0x000effff]
May  2 20:36:17 osboxes kernel: [    0.088962] PM: Registered nosave memory: [mem 0x000f0000-0x000fffff]
May  2 20:36:17 osboxes kernel: [    0.088963] PM: Registered nosave memory: [mem 0xdfff0000-0xdfffffff]
May  2 20:36:17 osboxes kernel: [    0.088963] PM: Registered nosave memory: [mem 0xe0000000-0xfebfffff]
May  2 20:36:17 osboxes kernel: [    0.088964] PM: Registered nosave memory: [mem 0xfec00000-0xfec00fff]
May  2 20:36:17 osboxes kernel: [    0.088964] PM: Registered nosave memory: [mem 0xfec01000-0xfedfffff]
May  2 20:36:17 osboxes kernel: [    0.088964] PM: Registered nosave memory: [mem 0xfee00000-0xfee00fff]
May  2 20:36:17 osboxes kernel: [    0.088965] PM: Registered nosave memory: [mem 0xfee01000-0xfffbffff]
May  2 20:36:17 osboxes kernel: [    0.088965] PM: Registered nosave memory: [mem 0xfffc0000-0xffffffff]
May  2 20:36:17 osboxes kernel: [    0.088967] [mem 0xe0000000-0xfebfffff] available for PCI devices
May  2 20:36:17 osboxes kernel: [    0.088968] Booting paravirtualized kernel on KVM
May  2 20:36:17 osboxes kernel: [    0.088970] clocksource: refined-jiffies: mask: 0xffffffff max_cycles: 0xffffffff, max_idle_ns: 7645519600211568 ns
May  2 20:36:17 osboxes kernel: [    0.088974] setup_percpu: NR_CPUS:8192 nr_cpumask_bits:1 nr_cpu_ids:1 nr_node_ids:1
May  2 20:36:17 osboxes kernel: [    0.089349] percpu: Embedded 54 pages/cpu s184320 r8192 d28672 u2097152
May  2 20:36:17 osboxes kernel: [    0.089355] pcpu-alloc: s184320 r8192 d28672 u2097152 alloc=1*2097152
May  2 20:36:17 osboxes kernel: [    0.089356] pcpu-alloc: [0] 0 
May  2 20:36:17 osboxes kernel: [    0.089387] Built 1 zonelists, mobility grouping on.  Total pages: 1548153
May  2 20:36:17 osboxes kernel: [    0.089388] Policy zone: Normal
May  2 20:36:17 osboxes kernel: [    0.089389] Kernel command line: BOOT_IMAGE=/vmlinuz-5.4.0-26-generic root=UUID=3b87d941-8ee7-4312-98fc-1f26828d62ab ro quiet splash
May  2 20:36:17 osboxes kernel: [    0.090509] Dentry cache hash table entries: 1048576 (order: 11, 8388608 bytes, linear)
May  2 20:36:17 osboxes kernel: [    0.091016] Inode-cache hash table entries: 524288 (order: 10, 4194304 bytes, linear)
May  2 20:36:17 osboxes kernel: [    0.091053] mem auto-init: stack:off, heap alloc:on, heap free:off
May  2 20:36:17 osboxes kernel: [    0.097635] Calgary: detecting Calgary via BIOS EBDA area
May  2 20:36:17 osboxes kernel: [    0.097636] Calgary: Unable to locate Rio Grande table in EBDA - bailing!
May  2 20:36:17 osboxes kernel: [    0.113540] Memory: 6032840K/6291000K available (14339K kernel code, 2397K rwdata, 4948K rodata, 2712K init, 4992K bss, 258160K reserved, 0K cma-reserved)
May  2 20:36:17 osboxes kernel: [    0.113878] SLUB: HWalign=64, Order=0-3, MinObjects=0, CPUs=1, Nodes=1
May  2 20:36:17 osboxes kernel: [    0.113888] Kernel/User page tables isolation: enabled
May  2 20:36:17 osboxes kernel: [    0.113900] ftrace: allocating 44478 entries in 174 pages
May  2 20:36:17 osboxes kernel: [    0.127326] rcu: Hierarchical RCU implementation.
May  2 20:36:17 osboxes kernel: [    0.127328] rcu: 	RCU restricting CPUs from NR_CPUS=8192 to nr_cpu_ids=1.
May  2 20:36:17 osboxes kernel: [    0.127329] 	Tasks RCU enabled.
May  2 20:36:17 osboxes kernel: [    0.127329] rcu: RCU calculated value of scheduler-enlistment delay is 25 jiffies.
May  2 20:36:17 osboxes kernel: [    0.127330] rcu: Adjusting geometry for rcu_fanout_leaf=16, nr_cpu_ids=1
May  2 20:36:17 osboxes kernel: [    0.129533] NR_IRQS: 524544, nr_irqs: 256, preallocated irqs: 16
May  2 20:36:17 osboxes kernel: [    0.129807] random: crng done (trusting CPU's manufacturer)
May  2 20:36:17 osboxes kernel: [    0.137168] Console: colour VGA+ 80x25
May  2 20:36:17 osboxes kernel: [    0.137173] printk: console [tty0] enabled
May  2 20:36:17 osboxes kernel: [    0.137201] ACPI: Core revision 20190816
May  2 20:36:17 osboxes kernel: [    0.137346] APIC: Switch to symmetric I/O mode setup
May  2 20:36:17 osboxes kernel: [    0.137580] x2apic enabled
May  2 20:36:17 osboxes kernel: [    0.137786] Switched APIC routing to physical x2apic.
May  2 20:36:17 osboxes kernel: [    0.138701] ..TIMER: vector=0x30 apic1=0 pin1=2 apic2=-1 pin2=-1
May  2 20:36:17 osboxes kernel: [    0.138719] clocksource: tsc-early: mask: 0xffffffffffffffff max_cycles: 0x2563cc88b7f, max_idle_ns: 440795202126 ns
May  2 20:36:17 osboxes kernel: [    0.138724] Calibrating delay loop (skipped) preset value.. 5187.84 BogoMIPS (lpj=10375680)
May  2 20:36:17 osboxes kernel: [    0.138726] pid_max: default: 32768 minimum: 301
May  2 20:36:17 osboxes kernel: [    0.138754] LSM: Security Framework initializing
May  2 20:36:17 osboxes kernel: [    0.138763] Yama: becoming mindful.
May  2 20:36:17 osboxes kernel: [    0.138783] AppArmor: AppArmor initialized
May  2 20:36:17 osboxes kernel: [    0.138817] Mount-cache hash table entries: 16384 (order: 5, 131072 bytes, linear)
May  2 20:36:17 osboxes kernel: [    0.138828] Mountpoint-cache hash table entries: 16384 (order: 5, 131072 bytes, linear)
May  2 20:36:17 osboxes kernel: [    0.138842] *** VALIDATE tmpfs ***
May  2 20:36:17 osboxes kernel: [    0.138957] *** VALIDATE proc ***
May  2 20:36:17 osboxes kernel: [    0.138994] *** VALIDATE cgroup1 ***
May  2 20:36:17 osboxes kernel: [    0.138995] *** VALIDATE cgroup2 ***
May  2 20:36:17 osboxes kernel: [    0.139088] process: using mwait in idle threads
May  2 20:36:17 osboxes kernel: [    0.139092] Last level iTLB entries: 4KB 1024, 2MB 1024, 4MB 1024
May  2 20:36:17 osboxes kernel: [    0.139092] Last level dTLB entries: 4KB 1024, 2MB 1024, 4MB 1024, 1GB 4
May  2 20:36:17 osboxes kernel: [    0.139094] Spectre V1 : Mitigation: usercopy/swapgs barriers and __user pointer sanitization
May  2 20:36:17 osboxes kernel: [    0.139095] Spectre V2 : Mitigation: Full generic retpoline
May  2 20:36:17 osboxes kernel: [    0.139096] Spectre V2 : Spectre v2 / SpectreRSB mitigation: Filling RSB on context switch
May  2 20:36:17 osboxes kernel: [    0.139096] Speculative Store Bypass: Vulnerable
May  2 20:36:17 osboxes kernel: [    0.139099] MDS: Vulnerable: Clear CPU buffers attempted, no microcode
May  2 20:36:17 osboxes kernel: [    0.144340] Freeing SMP alternatives memory: 40K
May  2 20:36:17 osboxes kernel: [    0.254725] APIC calibration not consistent with PM-Timer: 103ms instead of 100ms
May  2 20:36:17 osboxes kernel: [    0.254726] APIC delta adjusted to PM-Timer: 6257197 (6495701)
May  2 20:36:17 osboxes kernel: [    0.254778] smpboot: CPU0: Intel(R) Core(TM) i7-4720HQ CPU @ 2.60GHz (family: 0x6, model: 0x3c, stepping: 0x3)
May  2 20:36:17 osboxes kernel: [    0.255141] Performance Events: unsupported p6 CPU model 60 no PMU driver, software events only.
May  2 20:36:17 osboxes kernel: [    0.255170] rcu: Hierarchical SRCU implementation.
May  2 20:36:17 osboxes kernel: [    0.255632] NMI watchdog: Perf NMI watchdog permanently disabled
May  2 20:36:17 osboxes kernel: [    0.255651] smp: Bringing up secondary CPUs ...
May  2 20:36:17 osboxes kernel: [    0.255652] smp: Brought up 1 node, 1 CPU
May  2 20:36:17 osboxes kernel: [    0.255653] smpboot: Max logical packages: 1
May  2 20:36:17 osboxes kernel: [    0.255654] smpboot: Total of 1 processors activated (5187.84 BogoMIPS)
May  2 20:36:17 osboxes kernel: [    0.255941] devtmpfs: initialized
May  2 20:36:17 osboxes kernel: [    0.255975] x86/mm: Memory block size: 128MB
May  2 20:36:17 osboxes kernel: [    0.256448] clocksource: jiffies: mask: 0xffffffff max_cycles: 0xffffffff, max_idle_ns: 7645041785100000 ns
May  2 20:36:17 osboxes kernel: [    0.256451] futex hash table entries: 256 (order: 2, 16384 bytes, linear)
May  2 20:36:17 osboxes kernel: [    0.256487] pinctrl core: initialized pinctrl subsystem
May  2 20:36:17 osboxes kernel: [    0.256567] PM: RTC time: 00:36:04, date: 2020-05-03
May  2 20:36:17 osboxes kernel: [    0.256642] NET: Registered protocol family 16
May  2 20:36:17 osboxes kernel: [    0.256698] audit: initializing netlink subsys (disabled)
May  2 20:36:17 osboxes kernel: [    0.256789] EISA bus registered
May  2 20:36:17 osboxes kernel: [    0.256790] cpuidle: using governor ladder
May  2 20:36:17 osboxes kernel: [    0.256791] cpuidle: using governor menu
May  2 20:36:17 osboxes kernel: [    0.256815] ACPI: bus type PCI registered
May  2 20:36:17 osboxes kernel: [    0.256816] acpiphp: ACPI Hot Plug PCI Controller Driver version: 0.5
May  2 20:36:17 osboxes kernel: [    0.256896] PCI: Using configuration type 1 for base access
May  2 20:36:17 osboxes kernel: [    0.258044] audit: type=2000 audit(1588467020.613:1): state=initialized audit_enabled=0 res=1
May  2 20:36:17 osboxes kernel: [    0.258100] HugeTLB registered 2.00 MiB page size, pre-allocated 0 pages
May  2 20:36:17 osboxes kernel: [    0.259501] ACPI: Added _OSI(Module Device)
May  2 20:36:17 osboxes kernel: [    0.259501] ACPI: Added _OSI(Processor Device)
May  2 20:36:17 osboxes kernel: [    0.259502] ACPI: Added _OSI(3.0 _SCP Extensions)
May  2 20:36:17 osboxes kernel: [    0.259502] ACPI: Added _OSI(Processor Aggregator Device)
May  2 20:36:17 osboxes kernel: [    0.259503] ACPI: Added _OSI(Linux-Dell-Video)
May  2 20:36:17 osboxes kernel: [    0.259503] ACPI: Added _OSI(Linux-Lenovo-NV-HDMI-Audio)
May  2 20:36:17 osboxes kernel: [    0.259504] ACPI: Added _OSI(Linux-HPI-Hybrid-Graphics)
May  2 20:36:17 osboxes kernel: [    0.261209] ACPI: 2 ACPI AML tables successfully acquired and loaded
May  2 20:36:17 osboxes kernel: [    0.262404] ACPI: Interpreter enabled
May  2 20:36:17 osboxes kernel: [    0.262423] ACPI: (supports S0 S5)
May  2 20:36:17 osboxes kernel: [    0.262424] ACPI: Using IOAPIC for interrupt routing
May  2 20:36:17 osboxes kernel: [    0.262607] PCI: Using host bridge windows from ACPI; if necessary, use "pci=nocrs" and report a bug
May  2 20:36:17 osboxes kernel: [    0.262700] ACPI: Enabled 2 GPEs in block 00 to 07
May  2 20:36:17 osboxes kernel: [    0.266510] ACPI: PCI Root Bridge [PCI0] (domain 0000 [bus 00-ff])
May  2 20:36:17 osboxes kernel: [    0.266514] acpi PNP0A03:00: _OSC: OS supports [ASPM ClockPM Segments MSI HPX-Type3]
May  2 20:36:17 osboxes kernel: [    0.266530] acpi PNP0A03:00: _OSC: not requesting OS control; OS requires [ExtendedConfig ASPM ClockPM MSI]
May  2 20:36:17 osboxes kernel: [    0.266536] acpi PNP0A03:00: fail to add MMCONFIG information, can't access extended PCI configuration space under this bridge.
May  2 20:36:17 osboxes kernel: [    0.266926] PCI host bridge to bus 0000:00
May  2 20:36:17 osboxes kernel: [    0.266928] pci_bus 0000:00: root bus resource [io  0x0000-0x0cf7 window]
May  2 20:36:17 osboxes kernel: [    0.266929] pci_bus 0000:00: root bus resource [io  0x0d00-0xffff window]
May  2 20:36:17 osboxes kernel: [    0.266930] pci_bus 0000:00: root bus resource [mem 0x000a0000-0x000bffff window]
May  2 20:36:17 osboxes kernel: [    0.266931] pci_bus 0000:00: root bus resource [mem 0xe0000000-0xfdffffff window]
May  2 20:36:17 osboxes kernel: [    0.266932] pci_bus 0000:00: root bus resource [bus 00-ff]
May  2 20:36:17 osboxes kernel: [    0.266961] pci 0000:00:00.0: [8086:1237] type 00 class 0x060000
May  2 20:36:17 osboxes kernel: [    0.267574] pci 0000:00:01.0: [8086:7000] type 00 class 0x060100
May  2 20:36:17 osboxes kernel: [    0.268049] pci 0000:00:01.1: [8086:7111] type 00 class 0x01018a
May  2 20:36:17 osboxes kernel: [    0.268331] pci 0000:00:01.1: reg 0x20: [io  0xd000-0xd00f]
May  2 20:36:17 osboxes kernel: [    0.268440] pci 0000:00:01.1: legacy IDE quirk: reg 0x10: [io  0x01f0-0x01f7]
May  2 20:36:17 osboxes kernel: [    0.268441] pci 0000:00:01.1: legacy IDE quirk: reg 0x14: [io  0x03f6]
May  2 20:36:17 osboxes kernel: [    0.268442] pci 0000:00:01.1: legacy IDE quirk: reg 0x18: [io  0x0170-0x0177]
May  2 20:36:17 osboxes kernel: [    0.268442] pci 0000:00:01.1: legacy IDE quirk: reg 0x1c: [io  0x0376]
May  2 20:36:17 osboxes kernel: [    0.268795] pci 0000:00:02.0: [80ee:beef] type 00 class 0x030000
May  2 20:36:17 osboxes kernel: [    0.272443] pci 0000:00:02.0: reg 0x10: [mem 0xe0000000-0xe7ffffff pref]
May  2 20:36:17 osboxes kernel: [    0.303272] pci 0000:00:04.0: [80ee:cafe] type 00 class 0x088000
May  2 20:36:17 osboxes kernel: [    0.306011] pci 0000:00:04.0: reg 0x10: [io  0xd020-0xd03f]
May  2 20:36:17 osboxes kernel: [    0.306824] pci 0000:00:04.0: reg 0x14: [mem 0xf0000000-0xf03fffff]
May  2 20:36:17 osboxes kernel: [    0.309575] pci 0000:00:04.0: reg 0x18: [mem 0xf0400000-0xf0403fff pref]
May  2 20:36:17 osboxes kernel: [    0.323409] pci 0000:00:05.0: [8086:2415] type 00 class 0x040100
May  2 20:36:17 osboxes kernel: [    0.323550] pci 0000:00:05.0: reg 0x10: [io  0xd100-0xd1ff]
May  2 20:36:17 osboxes kernel: [    0.323600] pci 0000:00:05.0: reg 0x14: [io  0xd200-0xd23f]
May  2 20:36:17 osboxes kernel: [    0.324294] pci 0000:00:06.0: [106b:003f] type 00 class 0x0c0310
May  2 20:36:17 osboxes kernel: [    0.326831] pci 0000:00:06.0: reg 0x10: [mem 0xf0404000-0xf0404fff]
May  2 20:36:17 osboxes kernel: [    0.343383] pci 0000:00:07.0: [8086:7113] type 00 class 0x068000
May  2 20:36:17 osboxes kernel: [    0.343655] pci 0000:00:07.0: quirk: [io  0x4000-0x403f] claimed by PIIX4 ACPI
May  2 20:36:17 osboxes kernel: [    0.343662] pci 0000:00:07.0: quirk: [io  0x4100-0x410f] claimed by PIIX4 SMB
May  2 20:36:17 osboxes kernel: [    0.344585] pci 0000:00:0b.0: [8086:265c] type 00 class 0x0c0320
May  2 20:36:17 osboxes kernel: [    0.346830] pci 0000:00:0b.0: reg 0x10: [mem 0xf0405000-0xf0405fff]
May  2 20:36:17 osboxes kernel: [    0.366772] pci 0000:00:0d.0: [8086:2829] type 00 class 0x010601
May  2 20:36:17 osboxes kernel: [    0.369880] pci 0000:00:0d.0: reg 0x10: [io  0xd240-0xd247]
May  2 20:36:17 osboxes kernel: [    0.370836] pci 0000:00:0d.0: reg 0x14: [io  0xd248-0xd24b]
May  2 20:36:17 osboxes kernel: [    0.374832] pci 0000:00:0d.0: reg 0x18: [io  0xd250-0xd257]
May  2 20:36:17 osboxes kernel: [    0.377600] pci 0000:00:0d.0: reg 0x1c: [io  0xd258-0xd25b]
May  2 20:36:17 osboxes kernel: [    0.378832] pci 0000:00:0d.0: reg 0x20: [io  0xd260-0xd26f]
May  2 20:36:17 osboxes kernel: [    0.382830] pci 0000:00:0d.0: reg 0x24: [mem 0xf0406000-0xf0407fff]
May  2 20:36:17 osboxes kernel: [    0.391587] ACPI: PCI Interrupt Link [LNKA] (IRQs 5 9 10 *11)
May  2 20:36:17 osboxes kernel: [    0.391814] ACPI: PCI Interrupt Link [LNKB] (IRQs 5 9 *10 11)
May  2 20:36:17 osboxes kernel: [    0.391892] ACPI: PCI Interrupt Link [LNKC] (IRQs 5 *9 10 11)
May  2 20:36:17 osboxes kernel: [    0.391969] ACPI: PCI Interrupt Link [LNKD] (IRQs 5 9 10 *11)
May  2 20:36:17 osboxes kernel: [    0.392207] iommu: Default domain type: Translated 
May  2 20:36:17 osboxes kernel: [    0.392404] SCSI subsystem initialized
May  2 20:36:17 osboxes kernel: [    0.392429] libata version 3.00 loaded.
May  2 20:36:17 osboxes kernel: [    0.392478] pci 0000:00:02.0: vgaarb: setting as boot VGA device
May  2 20:36:17 osboxes kernel: [    0.392481] pci 0000:00:02.0: vgaarb: VGA device added: decodes=io+mem,owns=io+mem,locks=none
May  2 20:36:17 osboxes kernel: [    0.392483] pci 0000:00:02.0: vgaarb: bridge control possible
May  2 20:36:17 osboxes kernel: [    0.392483] vgaarb: loaded
May  2 20:36:17 osboxes kernel: [    0.392503] ACPI: bus type USB registered
May  2 20:36:17 osboxes kernel: [    0.392516] usbcore: registered new interface driver usbfs
May  2 20:36:17 osboxes kernel: [    0.392522] usbcore: registered new interface driver hub
May  2 20:36:17 osboxes kernel: [    0.392527] usbcore: registered new device driver usb
May  2 20:36:17 osboxes kernel: [    0.392549] pps_core: LinuxPPS API ver. 1 registered
May  2 20:36:17 osboxes kernel: [    0.392549] pps_core: Software ver. 5.3.6 - Copyright 2005-2007 Rodolfo Giometti <giometti@linux.it>
May  2 20:36:17 osboxes kernel: [    0.392550] PTP clock support registered
May  2 20:36:17 osboxes kernel: [    0.392585] EDAC MC: Ver: 3.0.0
May  2 20:36:17 osboxes kernel: [    0.392793] PCI: Using ACPI for IRQ routing
May  2 20:36:17 osboxes kernel: [    0.392794] PCI: pci_cache_line_size set to 64 bytes
May  2 20:36:17 osboxes kernel: [    0.392918] e820: reserve RAM buffer [mem 0x0009fc00-0x0009ffff]
May  2 20:36:17 osboxes kernel: [    0.392921] e820: reserve RAM buffer [mem 0xdfff0000-0xdfffffff]
May  2 20:36:17 osboxes kernel: [    0.393014] NetLabel: Initializing
May  2 20:36:17 osboxes kernel: [    0.393015] NetLabel:  domain hash size = 128
May  2 20:36:17 osboxes kernel: [    0.393015] NetLabel:  protocols = UNLABELED CIPSOv4 CALIPSO
May  2 20:36:17 osboxes kernel: [    0.393034] NetLabel:  unlabeled traffic allowed by default
May  2 20:36:17 osboxes kernel: [    0.393585] clocksource: Switched to clocksource kvm-clock
May  2 20:36:17 osboxes kernel: [    0.400804] *** VALIDATE bpf ***
May  2 20:36:17 osboxes kernel: [    0.400863] VFS: Disk quotas dquot_6.6.0
May  2 20:36:17 osboxes kernel: [    0.400874] VFS: Dquot-cache hash table entries: 512 (order 0, 4096 bytes)
May  2 20:36:17 osboxes kernel: [    0.400892] *** VALIDATE ramfs ***
May  2 20:36:17 osboxes kernel: [    0.400895] *** VALIDATE hugetlbfs ***
May  2 20:36:17 osboxes kernel: [    0.400961] AppArmor: AppArmor Filesystem Enabled
May  2 20:36:17 osboxes kernel: [    0.400985] pnp: PnP ACPI init
May  2 20:36:17 osboxes kernel: [    0.401046] pnp 00:00: Plug and Play ACPI device, IDs PNP0303 (active)
May  2 20:36:17 osboxes kernel: [    0.401101] pnp 00:01: Plug and Play ACPI device, IDs PNP0f03 (active)
May  2 20:36:17 osboxes kernel: [    0.401640] pnp: PnP ACPI: found 2 devices
May  2 20:36:17 osboxes kernel: [    0.402507] thermal_sys: Registered thermal governor 'fair_share'
May  2 20:36:17 osboxes kernel: [    0.402508] thermal_sys: Registered thermal governor 'bang_bang'
May  2 20:36:17 osboxes kernel: [    0.402508] thermal_sys: Registered thermal governor 'step_wise'
May  2 20:36:17 osboxes kernel: [    0.402509] thermal_sys: Registered thermal governor 'user_space'
May  2 20:36:17 osboxes kernel: [    0.402509] thermal_sys: Registered thermal governor 'power_allocator'
May  2 20:36:17 osboxes kernel: [    0.407033] clocksource: acpi_pm: mask: 0xffffff max_cycles: 0xffffff, max_idle_ns: 2085701024 ns
May  2 20:36:17 osboxes kernel: [    0.407062] pci_bus 0000:00: resource 4 [io  0x0000-0x0cf7 window]
May  2 20:36:17 osboxes kernel: [    0.407063] pci_bus 0000:00: resource 5 [io  0x0d00-0xffff window]
May  2 20:36:17 osboxes kernel: [    0.407064] pci_bus 0000:00: resource 6 [mem 0x000a0000-0x000bffff window]
May  2 20:36:17 osboxes kernel: [    0.407064] pci_bus 0000:00: resource 7 [mem 0xe0000000-0xfdffffff window]
May  2 20:36:17 osboxes kernel: [    0.407105] NET: Registered protocol family 2
May  2 20:36:17 osboxes kernel: [    0.407204] tcp_listen_portaddr_hash hash table entries: 4096 (order: 4, 65536 bytes, linear)
May  2 20:36:17 osboxes kernel: [    0.407251] TCP established hash table entries: 65536 (order: 7, 524288 bytes, linear)
May  2 20:36:17 osboxes kernel: [    0.407514] TCP bind hash table entries: 65536 (order: 8, 1048576 bytes, linear)
May  2 20:36:17 osboxes kernel: [    0.407622] TCP: Hash tables configured (established 65536 bind 65536)
May  2 20:36:17 osboxes kernel: [    0.407665] UDP hash table entries: 4096 (order: 5, 131072 bytes, linear)
May  2 20:36:17 osboxes kernel: [    0.407682] UDP-Lite hash table entries: 4096 (order: 5, 131072 bytes, linear)
May  2 20:36:17 osboxes kernel: [    0.407745] NET: Registered protocol family 1
May  2 20:36:17 osboxes kernel: [    0.407752] NET: Registered protocol family 44
May  2 20:36:17 osboxes kernel: [    0.407768] pci 0000:00:00.0: Limiting direct PCI/PCI transfers
May  2 20:36:17 osboxes kernel: [    0.407777] pci 0000:00:01.0: Activating ISA DMA hang workarounds
May  2 20:36:17 osboxes kernel: [    0.407813] pci 0000:00:02.0: Video device with shadowed ROM at [mem 0x000c0000-0x000dffff]
May  2 20:36:17 osboxes kernel: [    0.409671] PCI: CLS 0 bytes, default 64
May  2 20:36:17 osboxes kernel: [    0.409705] Trying to unpack rootfs image as initramfs...
May  2 20:36:17 osboxes kernel: [    0.519394] Freeing initrd memory: 48296K
May  2 20:36:17 osboxes kernel: [    0.519394] PCI-DMA: Using software bounce buffering for IO (SWIOTLB)
May  2 20:36:17 osboxes kernel: [    0.519394] software IO TLB: mapped [mem 0xdbff0000-0xdfff0000] (64MB)
May  2 20:36:17 osboxes kernel: [    0.519394] clocksource: tsc: mask: 0xffffffffffffffff max_cycles: 0x2563cc88b7f, max_idle_ns: 440795202126 ns
May  2 20:36:17 osboxes kernel: [    0.519394] clocksource: Switched to clocksource tsc
May  2 20:36:17 osboxes kernel: [    0.519394] platform rtc_cmos: registered platform RTC device (no PNP device found)
May  2 20:36:17 osboxes kernel: [    0.521613] check: Scanning for low memory corruption every 60 seconds
May  2 20:36:17 osboxes kernel: [    0.523120] Initialise system trusted keyrings
May  2 20:36:17 osboxes kernel: [    0.523127] Key type blacklist registered
May  2 20:36:17 osboxes kernel: [    0.523148] workingset: timestamp_bits=36 max_order=21 bucket_order=0
May  2 20:36:17 osboxes kernel: [    0.524089] zbud: loaded
May  2 20:36:17 osboxes kernel: [    0.524354] squashfs: version 4.0 (2009/01/31) Phillip Lougher
May  2 20:36:17 osboxes kernel: [    0.524460] fuse: init (API version 7.31)
May  2 20:36:17 osboxes kernel: [    0.524472] *** VALIDATE fuse ***
May  2 20:36:17 osboxes kernel: [    0.524473] *** VALIDATE fuse ***
May  2 20:36:17 osboxes kernel: [    0.524535] Platform Keyring initialized
May  2 20:36:17 osboxes kernel: [    0.528595] Key type asymmetric registered
May  2 20:36:17 osboxes kernel: [    0.528596] Asymmetric key parser 'x509' registered
May  2 20:36:17 osboxes kernel: [    0.528607] Block layer SCSI generic (bsg) driver version 0.4 loaded (major 244)
May  2 20:36:17 osboxes kernel: [    0.528629] io scheduler mq-deadline registered
May  2 20:36:17 osboxes kernel: [    0.528707] shpchp: Standard Hot Plug PCI Controller Driver version: 0.4
May  2 20:36:17 osboxes kernel: [    0.528875] ACPI: AC Adapter [AC] (on-line)
May  2 20:36:17 osboxes kernel: [    0.528909] input: Power Button as /devices/LNXSYSTM:00/LNXPWRBN:00/input/input0
May  2 20:36:17 osboxes kernel: [    0.528933] ACPI: Power Button [PWRF]
May  2 20:36:17 osboxes kernel: [    0.528992] input: Sleep Button as /devices/LNXSYSTM:00/LNXSLPBN:00/input/input1
May  2 20:36:17 osboxes kernel: [    0.529002] ACPI: Sleep Button [SLPF]
May  2 20:36:17 osboxes kernel: [    0.529733] battery: ACPI: Battery Slot [BAT0] (battery present)
May  2 20:36:17 osboxes kernel: [    0.529764] Serial: 8250/16550 driver, 32 ports, IRQ sharing enabled
May  2 20:36:17 osboxes kernel: [    0.530690] Linux agpgart interface v0.103
May  2 20:36:17 osboxes kernel: [    0.531847] loop: module loaded
May  2 20:36:17 osboxes kernel: [    0.531937] ata_piix 0000:00:01.1: version 2.13
May  2 20:36:17 osboxes kernel: [    0.532229] scsi host0: ata_piix
May  2 20:36:17 osboxes kernel: [    0.532293] scsi host1: ata_piix
May  2 20:36:17 osboxes kernel: [    0.532314] ata1: PATA max UDMA/33 cmd 0x1f0 ctl 0x3f6 bmdma 0xd000 irq 14
May  2 20:36:17 osboxes kernel: [    0.532314] ata2: PATA max UDMA/33 cmd 0x170 ctl 0x376 bmdma 0xd008 irq 15
May  2 20:36:17 osboxes kernel: [    0.532366] libphy: Fixed MDIO Bus: probed
May  2 20:36:17 osboxes kernel: [    0.532366] tun: Universal TUN/TAP device driver, 1.6
May  2 20:36:17 osboxes kernel: [    0.532629] PPP generic driver version 2.4.2
May  2 20:36:17 osboxes kernel: [    0.532676] VFIO - User Level meta-driver version: 0.3
May  2 20:36:17 osboxes kernel: [    0.532879] ehci_hcd: USB 2.0 'Enhanced' Host Controller (EHCI) Driver
May  2 20:36:17 osboxes kernel: [    0.532891] ehci-pci: EHCI PCI platform driver
May  2 20:36:17 osboxes kernel: [    0.533357] ehci-pci 0000:00:0b.0: EHCI Host Controller
May  2 20:36:17 osboxes kernel: [    0.533361] ehci-pci 0000:00:0b.0: new USB bus registered, assigned bus number 1
May  2 20:36:17 osboxes kernel: [    0.533512] ehci-pci 0000:00:0b.0: irq 19, io mem 0xf0405000
May  2 20:36:17 osboxes kernel: [    0.546781] ehci-pci 0000:00:0b.0: USB 2.0 started, EHCI 1.00
May  2 20:36:17 osboxes kernel: [    0.546826] usb usb1: New USB device found, idVendor=1d6b, idProduct=0002, bcdDevice= 5.04
May  2 20:36:17 osboxes kernel: [    0.546827] usb usb1: New USB device strings: Mfr=3, Product=2, SerialNumber=1
May  2 20:36:17 osboxes kernel: [    0.546828] usb usb1: Product: EHCI Host Controller
May  2 20:36:17 osboxes kernel: [    0.546829] usb usb1: Manufacturer: Linux 5.4.0-26-generic ehci_hcd
May  2 20:36:17 osboxes kernel: [    0.546830] usb usb1: SerialNumber: 0000:00:0b.0
May  2 20:36:17 osboxes kernel: [    0.546904] hub 1-0:1.0: USB hub found
May  2 20:36:17 osboxes kernel: [    0.546908] hub 1-0:1.0: 12 ports detected
May  2 20:36:17 osboxes kernel: [    0.547070] ehci-platform: EHCI generic platform driver
May  2 20:36:17 osboxes kernel: [    0.547078] ohci_hcd: USB 1.1 'Open' Host Controller (OHCI) Driver
May  2 20:36:17 osboxes kernel: [    0.547080] ohci-pci: OHCI PCI platform driver
May  2 20:36:17 osboxes kernel: [    0.547587] ohci-pci 0000:00:06.0: OHCI PCI host controller
May  2 20:36:17 osboxes kernel: [    0.547591] ohci-pci 0000:00:06.0: new USB bus registered, assigned bus number 2
May  2 20:36:17 osboxes kernel: [    0.547650] ohci-pci 0000:00:06.0: irq 22, io mem 0xf0404000
May  2 20:36:17 osboxes kernel: [    0.607116] usb usb2: New USB device found, idVendor=1d6b, idProduct=0001, bcdDevice= 5.04
May  2 20:36:17 osboxes kernel: [    0.607117] usb usb2: New USB device strings: Mfr=3, Product=2, SerialNumber=1
May  2 20:36:17 osboxes kernel: [    0.607119] usb usb2: Product: OHCI PCI host controller
May  2 20:36:17 osboxes kernel: [    0.607119] usb usb2: Manufacturer: Linux 5.4.0-26-generic ohci_hcd
May  2 20:36:17 osboxes kernel: [    0.607120] usb usb2: SerialNumber: 0000:00:06.0
May  2 20:36:17 osboxes kernel: [    0.607214] hub 2-0:1.0: USB hub found
May  2 20:36:17 osboxes kernel: [    0.607224] hub 2-0:1.0: 12 ports detected
May  2 20:36:17 osboxes kernel: [    0.607486] ohci-platform: OHCI generic platform driver
May  2 20:36:17 osboxes kernel: [    0.607496] uhci_hcd: USB Universal Host Controller Interface driver
May  2 20:36:17 osboxes kernel: [    0.607576] i8042: PNP: PS/2 Controller [PNP0303:PS2K,PNP0f03:PS2M] at 0x60,0x64 irq 1,12
May  2 20:36:17 osboxes kernel: [    0.607951] serio: i8042 KBD port at 0x60,0x64 irq 1
May  2 20:36:17 osboxes kernel: [    0.607954] serio: i8042 AUX port at 0x60,0x64 irq 12
May  2 20:36:17 osboxes kernel: [    0.608027] mousedev: PS/2 mouse device common for all mice
May  2 20:36:17 osboxes kernel: [    0.608253] input: AT Translated Set 2 keyboard as /devices/platform/i8042/serio0/input/input2
May  2 20:36:17 osboxes kernel: [    0.608595] rtc_cmos rtc_cmos: registered as rtc0
May  2 20:36:17 osboxes kernel: [    0.608605] rtc_cmos rtc_cmos: alarms up to one day, 114 bytes nvram
May  2 20:36:17 osboxes kernel: [    0.608608] i2c /dev entries driver
May  2 20:36:17 osboxes kernel: [    0.608648] device-mapper: uevent: version 1.0.3
May  2 20:36:17 osboxes kernel: [    0.608688] device-mapper: ioctl: 4.41.0-ioctl (2019-09-16) initialised: dm-devel@redhat.com
May  2 20:36:17 osboxes kernel: [    0.608700] platform eisa.0: Probing EISA bus 0
May  2 20:36:17 osboxes kernel: [    0.608701] platform eisa.0: EISA: Cannot allocate resource for mainboard
May  2 20:36:17 osboxes kernel: [    0.608702] platform eisa.0: Cannot allocate resource for EISA slot 1
May  2 20:36:17 osboxes kernel: [    0.608703] platform eisa.0: Cannot allocate resource for EISA slot 2
May  2 20:36:17 osboxes kernel: [    0.608704] platform eisa.0: Cannot allocate resource for EISA slot 3
May  2 20:36:17 osboxes kernel: [    0.608704] platform eisa.0: Cannot allocate resource for EISA slot 4
May  2 20:36:17 osboxes kernel: [    0.608705] platform eisa.0: Cannot allocate resource for EISA slot 5
May  2 20:36:17 osboxes kernel: [    0.608706] platform eisa.0: Cannot allocate resource for EISA slot 6
May  2 20:36:17 osboxes kernel: [    0.608706] platform eisa.0: Cannot allocate resource for EISA slot 7
May  2 20:36:17 osboxes kernel: [    0.608707] platform eisa.0: Cannot allocate resource for EISA slot 8
May  2 20:36:17 osboxes kernel: [    0.608708] platform eisa.0: EISA: Detected 0 cards
May  2 20:36:17 osboxes kernel: [    0.608710] intel_pstate: CPU model not supported
May  2 20:36:17 osboxes kernel: [    0.608718] ledtrig-cpu: registered to indicate activity on CPUs
May  2 20:36:17 osboxes kernel: [    0.608748] drop_monitor: Initializing network drop monitor service
May  2 20:36:17 osboxes kernel: [    0.608865] NET: Registered protocol family 10
May  2 20:36:17 osboxes kernel: [    0.614928] Segment Routing with IPv6
May  2 20:36:17 osboxes kernel: [    0.614928] NET: Registered protocol family 17
May  2 20:36:17 osboxes kernel: [    0.614928] Key type dns_resolver registered
May  2 20:36:17 osboxes kernel: [    0.614928] RAS: Correctable Errors collector initialized.
May  2 20:36:17 osboxes kernel: [    0.614928] IPI shorthand broadcast: enabled
May  2 20:36:17 osboxes kernel: [    0.614928] sched_clock: Marking stable (601981458, 8947011)->(613440803, -2512334)
May  2 20:36:17 osboxes kernel: [    0.615350] registered taskstats version 1
May  2 20:36:17 osboxes kernel: [    0.615359] Loading compiled-in X.509 certificates
May  2 20:36:17 osboxes kernel: [    0.617099] Loaded X.509 cert 'Build time autogenerated kernel key: b559075f1a2deb8232ccd540ea3b0eb9fdd57b46'
May  2 20:36:17 osboxes kernel: [    0.617118] zswap: loaded using pool lzo/zbud
May  2 20:36:17 osboxes kernel: [    0.617169] Key type ._fscrypt registered
May  2 20:36:17 osboxes kernel: [    0.617170] Key type .fscrypt registered
May  2 20:36:17 osboxes kernel: [    0.623086] Key type big_key registered
May  2 20:36:17 osboxes kernel: [    0.626154] Key type encrypted registered
May  2 20:36:17 osboxes kernel: [    0.626157] AppArmor: AppArmor sha1 policy hashing enabled
May  2 20:36:17 osboxes kernel: [    0.626161] ima: No TPM chip found, activating TPM-bypass!
May  2 20:36:17 osboxes kernel: [    0.626166] ima: Allocated hash algorithm: sha1
May  2 20:36:17 osboxes kernel: [    0.626171] ima: No architecture policies found
May  2 20:36:17 osboxes kernel: [    0.626178] evm: Initialising EVM extended attributes:
May  2 20:36:17 osboxes kernel: [    0.626179] evm: security.selinux
May  2 20:36:17 osboxes kernel: [    0.626179] evm: security.SMACK64
May  2 20:36:17 osboxes kernel: [    0.626180] evm: security.SMACK64EXEC
May  2 20:36:17 osboxes kernel: [    0.626180] evm: security.SMACK64TRANSMUTE
May  2 20:36:17 osboxes kernel: [    0.626180] evm: security.SMACK64MMAP
May  2 20:36:17 osboxes kernel: [    0.626181] evm: security.apparmor
May  2 20:36:17 osboxes kernel: [    0.626181] evm: security.ima
May  2 20:36:17 osboxes kernel: [    0.626181] evm: security.capability
May  2 20:36:17 osboxes kernel: [    0.626182] evm: HMAC attrs: 0x1
May  2 20:36:17 osboxes kernel: [    0.626442] PM:   Magic number: 4:794:606
May  2 20:36:17 osboxes kernel: [    0.626534] rtc_cmos rtc_cmos: setting system clock to 2020-05-03T00:36:04 UTC (1588466164)
May  2 20:36:17 osboxes kernel: [    0.691107] ata2.00: ATAPI: VBOX CD-ROM, 1.0, max UDMA/133
May  2 20:36:17 osboxes kernel: [    0.691683] scsi 1:0:0:0: CD-ROM            VBOX     CD-ROM           1.0  PQ: 0 ANSI: 5
May  2 20:36:17 osboxes kernel: [    0.715179] sr 1:0:0:0: [sr0] scsi3-mmc drive: 32x/32x xa/form2 tray
May  2 20:36:17 osboxes kernel: [    0.715181] cdrom: Uniform CD-ROM driver Revision: 3.20
May  2 20:36:17 osboxes kernel: [    0.715319] sr 1:0:0:0: Attached scsi CD-ROM sr0
May  2 20:36:17 osboxes kernel: [    0.715478] sr 1:0:0:0: Attached scsi generic sg0 type 5
May  2 20:36:17 osboxes kernel: [    0.716396] Freeing unused decrypted memory: 2040K
May  2 20:36:17 osboxes kernel: [    0.716703] Freeing unused kernel image memory: 2712K
May  2 20:36:17 osboxes kernel: [    0.726761] Write protecting the kernel read-only data: 22528k
May  2 20:36:17 osboxes kernel: [    0.727073] Freeing unused kernel image memory: 2008K
May  2 20:36:17 osboxes kernel: [    0.727228] Freeing unused kernel image memory: 1196K
May  2 20:36:17 osboxes kernel: [    0.734493] x86/mm: Checked W+X mappings: passed, no W+X pages found.
May  2 20:36:17 osboxes kernel: [    0.734494] x86/mm: Checking user space page tables
May  2 20:36:17 osboxes kernel: [    0.741592] x86/mm: Checked W+X mappings: passed, no W+X pages found.
May  2 20:36:17 osboxes kernel: [    0.741596] Run /init as init process
May  2 20:36:17 osboxes kernel: [    0.830326] ACPI: Video Device [GFX0] (multi-head: yes  rom: no  post: no)
May  2 20:36:17 osboxes kernel: [    0.830400] input: Video Bus as /devices/LNXSYSTM:00/LNXSYBUS:00/PNP0A03:00/LNXVIDEO:00/input/input4
May  2 20:36:17 osboxes kernel: [    0.845118] piix4_smbus 0000:00:07.0: SMBus Host Controller at 0x4100, revision 0
May  2 20:36:17 osboxes kernel: [    0.847575] ahci 0000:00:0d.0: version 3.0
May  2 20:36:17 osboxes kernel: [    0.848739] ahci 0000:00:0d.0: SSS flag set, parallel bus scan disabled
May  2 20:36:17 osboxes kernel: [    0.848882] ahci 0000:00:0d.0: AHCI 0001.0100 32 slots 1 ports 3 Gbps 0x1 impl SATA mode
May  2 20:36:17 osboxes kernel: [    0.848884] ahci 0000:00:0d.0: flags: 64bit ncq stag only ccc 
May  2 20:36:17 osboxes kernel: [    0.857564] scsi host2: ahci
May  2 20:36:17 osboxes kernel: [    0.857633] ata3: SATA max UDMA/133 abar m8192@0xf0406000 port 0xf0406100 irq 21
May  2 20:36:17 osboxes kernel: [    1.002857] usb 2-1: new full-speed USB device number 2 using ohci-pci
May  2 20:36:17 osboxes kernel: [    1.055748] input: ImExPS/2 Generic Explorer Mouse as /devices/platform/i8042/serio1/input/input5
May  2 20:36:17 osboxes kernel: [    1.177940] ata3: SATA link up 3.0 Gbps (SStatus 123 SControl 300)
May  2 20:36:17 osboxes kernel: [    1.178069] ata3.00: ATA-6: VBOX HARDDISK, 1.0, max UDMA/133
May  2 20:36:17 osboxes kernel: [    1.178070] ata3.00: 1048576000 sectors, multi 128: LBA48 NCQ (depth 32)
May  2 20:36:17 osboxes kernel: [    1.178182] ata3.00: configured for UDMA/133
May  2 20:36:17 osboxes kernel: [    1.178277] scsi 2:0:0:0: Direct-Access     ATA      VBOX HARDDISK    1.0  PQ: 0 ANSI: 5
May  2 20:36:17 osboxes kernel: [    1.178465] sd 2:0:0:0: [sda] 1048576000 512-byte logical blocks: (537 GB/500 GiB)
May  2 20:36:17 osboxes kernel: [    1.178474] sd 2:0:0:0: [sda] Write Protect is off
May  2 20:36:17 osboxes kernel: [    1.178475] sd 2:0:0:0: [sda] Mode Sense: 00 3a 00 00
May  2 20:36:17 osboxes kernel: [    1.178483] sd 2:0:0:0: [sda] Write cache: enabled, read cache: enabled, doesn't support DPO or FUA
May  2 20:36:17 osboxes kernel: [    1.178670] sd 2:0:0:0: Attached scsi generic sg1 type 0
May  2 20:36:17 osboxes kernel: [    1.179258]  sda: sda1 sda2 sda3 sda4
May  2 20:36:17 osboxes kernel: [    1.179476] sd 2:0:0:0: [sda] Attached SCSI disk
May  2 20:36:17 osboxes kernel: [    1.300981] usb 2-1: New USB device found, idVendor=80ee, idProduct=0021, bcdDevice= 1.00
May  2 20:36:17 osboxes kernel: [    1.300983] usb 2-1: New USB device strings: Mfr=1, Product=3, SerialNumber=0
May  2 20:36:17 osboxes kernel: [    1.300984] usb 2-1: Product: USB Tablet
May  2 20:36:17 osboxes kernel: [    1.300985] usb 2-1: Manufacturer: VirtualBox
May  2 20:36:17 osboxes kernel: [    1.307335] hidraw: raw HID events driver (C) Jiri Kosina
May  2 20:36:17 osboxes kernel: [    1.316091] usbcore: registered new interface driver usbhid
May  2 20:36:17 osboxes kernel: [    1.316093] usbhid: USB HID core driver
May  2 20:36:17 osboxes kernel: [    1.317828] input: VirtualBox USB Tablet as /devices/pci0000:00/0000:00:06.0/usb2/2-1/2-1:1.0/0003:80EE:0021.0001/input/input6
May  2 20:36:17 osboxes kernel: [    1.317975] hid-generic 0003:80EE:0021.0001: input,hidraw0: USB HID v1.10 Mouse [VirtualBox USB Tablet] on usb-0000:00:06.0-1/input0
May  2 20:36:17 osboxes kernel: [    1.363708] EXT4-fs (sda1): mounted filesystem with ordered data mode. Opts: (null)
May  2 20:36:17 osboxes kernel: [    1.510785] systemd[1]: Inserted module 'autofs4'
May  2 20:36:17 osboxes kernel: [    1.525173] systemd[1]: systemd 245.4-4ubuntu3 running in system mode. (+PAM +AUDIT +SELINUX +IMA +APPARMOR +SMACK +SYSVINIT +UTMP +LIBCRYPTSETUP +GCRYPT +GNUTLS +ACL +XZ +LZ4 +SECCOMP +BLKID +ELFUTILS +KMOD +IDN2 -IDN +PCRE2 default-hierarchy=hybrid)
May  2 20:36:17 osboxes kernel: [    1.525207] systemd[1]: Detected virtualization oracle.
May  2 20:36:17 osboxes kernel: [    1.525212] systemd[1]: Detected architecture x86-64.
May  2 20:36:17 osboxes kernel: [    1.526562] systemd[1]: Set hostname to <osboxes>.
May  2 20:36:17 osboxes kernel: [    1.528719] systemd[1]: Initializing machine ID from random generator.
May  2 20:36:17 osboxes kernel: [    1.528767] systemd[1]: Installed transient /etc/machine-id file.
May  2 20:36:17 osboxes kernel: [    1.653786] systemd[1]: /lib/systemd/system/dbus.socket:5: ListenStream= references a path below legacy directory /var/run/, updating /var/run/dbus/system_bus_socket â†’ /run/dbus/system_bus_socket; please update the unit file accordingly.
May  2 20:36:17 osboxes kernel: [    1.715005] systemd[1]: Created slice system-modprobe.slice.
May  2 20:36:17 osboxes kernel: [    1.715204] systemd[1]: Created slice system-systemd\x2dfsck.slice.
May  2 20:36:17 osboxes kernel: [    1.715353] systemd[1]: Created slice User and Session Slice.
May  2 20:36:17 osboxes kernel: [    1.715405] systemd[1]: Started Forward Password Requests to Wall Directory Watch.
May  2 20:36:17 osboxes kernel: [    1.715610] systemd[1]: Set up automount Arbitrary Executable File Formats File System Automount Point.
May  2 20:36:17 osboxes kernel: [    1.715651] systemd[1]: Reached target User and Group Name Lookups.
May  2 20:36:17 osboxes kernel: [    1.715661] systemd[1]: Reached target Remote File Systems.
May  2 20:36:17 osboxes kernel: [    1.715667] systemd[1]: Reached target Slices.
May  2 20:36:17 osboxes kernel: [    1.716623] systemd[1]: Listening on Syslog Socket.
May  2 20:36:17 osboxes kernel: [    1.716710] systemd[1]: Listening on fsck to fsckd communication Socket.
May  2 20:36:17 osboxes kernel: [    1.716753] systemd[1]: Listening on initctl Compatibility Named Pipe.
May  2 20:36:17 osboxes kernel: [    1.716908] systemd[1]: Listening on Journal Audit Socket.
May  2 20:36:17 osboxes kernel: [    1.717012] systemd[1]: Listening on Journal Socket (/dev/log).
May  2 20:36:17 osboxes kernel: [    1.717104] systemd[1]: Listening on Journal Socket.
May  2 20:36:17 osboxes kernel: [    1.717217] systemd[1]: Listening on udev Control Socket.
May  2 20:36:17 osboxes kernel: [    1.717273] systemd[1]: Listening on udev Kernel Socket.
May  2 20:36:17 osboxes kernel: [    1.718075] systemd[1]: Mounting Huge Pages File System...
May  2 20:36:17 osboxes kernel: [    1.718849] systemd[1]: Mounting POSIX Message Queue File System...
May  2 20:36:17 osboxes kernel: [    1.719645] systemd[1]: Mounting Kernel Debug File System...
May  2 20:36:17 osboxes kernel: [    1.720412] systemd[1]: Mounting Kernel Trace File System...
May  2 20:36:17 osboxes kernel: [    1.722289] systemd[1]: Starting Journal Service...
May  2 20:36:17 osboxes kernel: [    1.738977] systemd[1]: Starting Set the console keyboard layout...
May  2 20:36:17 osboxes kernel: [    1.744531] systemd[1]: Starting Create list of static device nodes for the current kernel...
May  2 20:36:17 osboxes kernel: [    1.755704] systemd[1]: Starting Load Kernel Module drm...
May  2 20:36:17 osboxes kernel: [    1.758663] systemd[1]: Condition check resulted in Set Up Additional Binary Formats being skipped.
May  2 20:36:17 osboxes kernel: [    1.758713] systemd[1]: Condition check resulted in File System Check on Root Device being skipped.
May  2 20:36:17 osboxes kernel: [    1.759858] systemd[1]: Starting Load Kernel Modules...
May  2 20:36:17 osboxes kernel: [    1.761878] systemd[1]: Starting Remount Root and Kernel File Systems...
May  2 20:36:17 osboxes kernel: [    1.787147] systemd[1]: Starting udev Coldplug all Devices...
May  2 20:36:17 osboxes kernel: [    1.797819] systemd[1]: Starting Uncomplicated firewall...
May  2 20:36:17 osboxes kernel: [    1.801037] EXT4-fs (sda1): re-mounted. Opts: errors=remount-ro
May  2 20:36:17 osboxes kernel: [    1.804725] systemd[1]: Mounted Huge Pages File System.
May  2 20:36:17 osboxes kernel: [    1.804820] systemd[1]: Mounted POSIX Message Queue File System.
May  2 20:36:17 osboxes kernel: [    1.804896] systemd[1]: Mounted Kernel Debug File System.
May  2 20:36:17 osboxes kernel: [    1.804975] systemd[1]: Mounted Kernel Trace File System.
May  2 20:36:17 osboxes kernel: [    1.815815] systemd[1]: Finished Create list of static device nodes for the current kernel.
May  2 20:36:17 osboxes kernel: [    1.816137] systemd[1]: modprobe@drm.service: Succeeded.
May  2 20:36:17 osboxes kernel: [    1.816398] systemd[1]: Finished Load Kernel Module drm.
May  2 20:36:17 osboxes kernel: [    1.817868] systemd[1]: Finished Remount Root and Kernel File Systems.
May  2 20:36:17 osboxes kernel: [    1.825729] systemd[1]: Finished Uncomplicated firewall.
May  2 20:36:17 osboxes kernel: [    1.845775] systemd[1]: Condition check resulted in Rebuild Hardware Database being skipped.
May  2 20:36:17 osboxes kernel: [    1.845827] systemd[1]: Condition check resulted in Platform Persistent Storage Archival being skipped.
May  2 20:36:17 osboxes kernel: [    1.846564] systemd[1]: Starting Load/Save Random Seed...
May  2 20:36:17 osboxes kernel: [    1.848341] lp: driver loaded but no devices found
May  2 20:36:17 osboxes kernel: [    1.853753] systemd[1]: Starting Create System Users...
May  2 20:36:17 osboxes kernel: [    1.861498] ppdev: user-space parallel port driver
May  2 20:36:17 osboxes kernel: [    1.865956] systemd[1]: Finished Load Kernel Modules.
May  2 20:36:17 osboxes kernel: [    1.867049] systemd[1]: Mounting FUSE Control File System...
May  2 20:36:17 osboxes kernel: [    1.868513] systemd[1]: Mounting Kernel Configuration File System...
May  2 20:36:17 osboxes kernel: [    1.888051] systemd[1]: Starting Apply Kernel Variables...
May  2 20:36:17 osboxes kernel: [    1.906059] systemd[1]: Finished Load/Save Random Seed.
May  2 20:36:17 osboxes kernel: [    1.907073] systemd[1]: Mounted FUSE Control File System.
May  2 20:36:17 osboxes kernel: [    1.907257] systemd[1]: Mounted Kernel Configuration File System.
May  2 20:36:17 osboxes kernel: [    1.924539] systemd[1]: Finished Apply Kernel Variables.
May  2 20:36:17 osboxes kernel: [    1.940787] systemd[1]: Finished Create System Users.
May  2 20:36:17 osboxes kernel: [    1.941520] systemd[1]: Starting Create Static Device Nodes in /dev...
May  2 20:36:17 osboxes kernel: [    1.957544] systemd[1]: Finished udev Coldplug all Devices.
May  2 20:36:17 osboxes kernel: [    1.962807] systemd[1]: Finished Set the console keyboard layout.
May  2 20:36:17 osboxes kernel: [    1.965477] systemd[1]: Finished Create Static Device Nodes in /dev.
May  2 20:36:17 osboxes kernel: [    1.965566] systemd[1]: Reached target Local File Systems (Pre).
May  2 20:36:17 osboxes kernel: [    1.966276] systemd[1]: Starting udev Kernel Device Manager...
May  2 20:36:17 osboxes kernel: [    2.063134] systemd[1]: Started udev Kernel Device Manager.
May  2 20:36:17 osboxes kernel: [    2.063950] systemd[1]: Starting Show Plymouth Boot Screen...
May  2 20:36:17 osboxes kernel: [    2.069605] systemd[1]: Received SIGRTMIN+20 from PID 323 (plymouthd).
May  2 20:36:17 osboxes kernel: [    2.085704] systemd[1]: Started Show Plymouth Boot Screen.
May  2 20:36:17 osboxes kernel: [    2.085885] systemd[1]: Condition check resulted in Dispatch Password Requests to Console Directory Watch being skipped.
May  2 20:36:17 osboxes kernel: [    2.085981] systemd[1]: Started Forward Password Requests to Plymouth Directory Watch.
May  2 20:36:17 osboxes kernel: [    2.086027] systemd[1]: Reached target Local Encrypted Volumes.
May  2 20:36:17 osboxes kernel: [    2.373835] systemd[1]: Started Journal Service.
May  2 20:36:17 osboxes kernel: [    2.380319] systemd-journald[280]: Received client request to flush runtime journal.
May  2 20:36:17 osboxes kernel: [    2.814613] vboxguest: loading out-of-tree module taints kernel.
May  2 20:36:17 osboxes kernel: [    2.868609] vgdrvHeartbeatInit: Setting up heartbeat to trigger every 2000 milliseconds
May  2 20:36:17 osboxes kernel: [    2.868698] input: Unspecified device as /devices/pci0000:00/0000:00:04.0/input/input7
May  2 20:36:17 osboxes kernel: [    2.873983] vboxguest: Successfully loaded version 6.1.6_Ubuntu
May  2 20:36:17 osboxes kernel: [    2.873998] vboxguest: misc device minor 58, IRQ 20, I/O port d020, MMIO at 00000000f0000000 (size 0x400000)
May  2 20:36:17 osboxes kernel: [    2.873999] vboxguest: Successfully loaded version 6.1.6_Ubuntu (interface 0x00010004)
May  2 20:36:17 osboxes kernel: [    2.976351] RAPL PMU: API unit is 2^-32 Joules, 0 fixed counters, 10737418240 ms ovfl timer
May  2 20:36:17 osboxes kernel: [    2.988265] [drm] VRAM 08000000
May  2 20:36:17 osboxes kernel: [    2.992889] [TTM] Zone  kernel: Available graphics memory: 3044566 KiB
May  2 20:36:17 osboxes kernel: [    2.992891] [TTM] Zone   dma32: Available graphics memory: 2097152 KiB
May  2 20:36:17 osboxes kernel: [    2.992891] [TTM] Initializing pool allocator
May  2 20:36:17 osboxes kernel: [    2.992896] [TTM] Initializing DMA pool allocator
May  2 20:36:17 osboxes kernel: [    2.993206] cryptd: max_cpu_qlen set to 1000
May  2 20:36:17 osboxes kernel: [    3.034659] AVX2 version of gcm_enc/dec engaged.
May  2 20:36:17 osboxes kernel: [    3.034660] AES CTR mode by8 optimization enabled
May  2 20:36:17 osboxes kernel: [    3.036828] fbcon: vboxvideodrmfb (fb0) is primary device
May  2 20:36:17 osboxes kernel: [    3.069092] Console: switching to colour frame buffer device 163x60
May  2 20:36:17 osboxes kernel: [    3.071993] vboxvideo 0000:00:02.0: fb0: vboxvideodrmfb frame buffer device
May  2 20:36:17 osboxes kernel: [    3.095513] [drm] Initialized vboxvideo 1.0.0 20130823 for 0000:00:02.0 on minor 0
May  2 20:36:17 osboxes kernel: [    3.596351] Adding 8787964k swap on /dev/sda3.  Priority:-2 extents:1 across:8787964k FS
May  2 20:36:17 osboxes kernel: [    3.700176] EXT4-fs (sda4): mounted filesystem with ordered data mode. Opts: (null)
May  2 20:36:17 osboxes kernel: [    3.706137] EXT4-fs (sda2): mounted filesystem with ordered data mode. Opts: (null)
May  2 20:36:17 osboxes kernel: [    4.144896] audit: type=1400 audit(1588466168.008:2): apparmor="STATUS" operation="profile_load" profile="unconfined" name="/usr/sbin/tcpdump" pid=492 comm="apparmor_parser"
May  2 20:36:17 osboxes kernel: [    6.005981] snd_intel8x0 0000:00:05.0: white list rate for 1028:0177 is 48000
May  2 20:36:17 osboxes kernel: [   10.128892] audit: type=1400 audit(1588466173.996:3): apparmor="STATUS" operation="profile_load" profile="unconfined" name="libreoffice-soffice" pid=496 comm="apparmor_parser"
May  2 20:36:17 osboxes kernel: [   10.129927] audit: type=1400 audit(1588466173.996:4): apparmor="STATUS" operation="profile_load" profile="unconfined" name="libreoffice-soffice//gpg" pid=496 comm="apparmor_parser"
May  2 20:36:17 osboxes kernel: [   10.201315] audit: type=1400 audit(1588466174.068:5): apparmor="STATUS" operation="profile_load" profile="unconfined" name="nvidia_modprobe" pid=500 comm="apparmor_parser"
May  2 20:36:17 osboxes kernel: [   10.201721] audit: type=1400 audit(1588466174.068:6): apparmor="STATUS" operation="profile_load" profile="unconfined" name="nvidia_modprobe//kmod" pid=500 comm="apparmor_parser"
May  2 20:36:17 osboxes kernel: [   10.234546] audit: type=1400 audit(1588466174.096:7): apparmor="STATUS" operation="profile_load" profile="unconfined" name="lsb_release" pid=501 comm="apparmor_parser"
May  2 20:36:17 osboxes kernel: [   10.423326] audit: type=1400 audit(1588466174.288:8): apparmor="STATUS" operation="profile_load" profile="unconfined" name="/usr/lib/snapd/snap-confine" pid=502 comm="apparmor_parser"
May  2 20:36:17 osboxes kernel: [   10.423686] audit: type=1400 audit(1588466174.288:9): apparmor="STATUS" operation="profile_load" profile="unconfined" name="/usr/lib/snapd/snap-confine//mount-namespace-capture-helper" pid=502 comm="apparmor_parser"
May  2 20:36:17 osboxes kernel: [   10.660965] audit: type=1400 audit(1588466174.528:10): apparmor="STATUS" operation="profile_load" profile="unconfined" name="/usr/lib/cups/backend/cups-pdf" pid=503 comm="apparmor_parser"
May  2 20:36:17 osboxes kernel: [   10.661579] audit: type=1400 audit(1588466174.528:11): apparmor="STATUS" operation="profile_load" profile="unconfined" name="/usr/sbin/cupsd" pid=503 comm="apparmor_parser"
May  2 20:36:17 osboxes kernel: [   10.661958] audit: type=1400 audit(1588466174.528:12): apparmor="STATUS" operation="profile_load" profile="unconfined" name="/usr/sbin/cupsd//third_party" pid=503 comm="apparmor_parser"
May  2 20:36:17 osboxes systemd-modules-load[289]: Inserted module 'lp'
May  2 20:36:17 osboxes systemd-modules-load[289]: Inserted module 'ppdev'
May  2 20:36:17 osboxes systemd-modules-load[289]: Inserted module 'parport_pc'
May  2 20:36:17 osboxes systemd-sysusers[298]: Creating group systemd-coredump with gid 999.
May  2 20:36:17 osboxes systemd-sysctl[304]: Not setting net/ipv4/conf/all/promote_secondaries (explicit setting exists).
May  2 20:36:17 osboxes systemd-sysctl[304]: Not setting net/ipv4/conf/default/promote_secondaries (explicit setting exists).
May  2 20:36:17 osboxes systemd-sysusers[298]: Creating user systemd-coredump (systemd Core Dumper) with uid 999 and gid 999.
May  2 20:36:17 osboxes systemd[1]: Starting Flush Journal to Persistent Storage...
May  2 20:36:17 osboxes systemd[1]: Finished Flush Journal to Persistent Storage.
May  2 20:36:17 osboxes mtp-probe: checking bus 2, device 2: "/sys/devices/pci0000:00/0000:00:06.0/usb2/2-1"
May  2 20:36:17 osboxes mtp-probe: bus: 2, device: 2 was not an MTP device
May  2 20:36:17 osboxes systemd[1]: Listening on Load/Save RF Kill Switch Status /dev/rfkill Watch.
May  2 20:36:17 osboxes systemd-udevd[315]: ethtool: autonegotiation is unset or enabled, the speed and duplex are not writable.
May  2 20:36:17 osboxes systemd[1]: Found device VBOX_HARDDISK 3.
May  2 20:36:17 osboxes systemd[1]: Activating swap /dev/disk/by-uuid/0678741e-d2a3-4fda-bc4e-e3ceb5d4d297...
May  2 20:36:17 osboxes systemd[1]: Activated swap /dev/disk/by-uuid/0678741e-d2a3-4fda-bc4e-e3ceb5d4d297.
May  2 20:36:17 osboxes systemd[1]: Reached target Swap.
May  2 20:36:17 osboxes systemd[1]: Found device VBOX_HARDDISK 4.
May  2 20:36:17 osboxes systemd[1]: Starting File System Check on /dev/disk/by-uuid/8d9a49d0-79ba-4f7a-b31a-6d94b51e8045...
May  2 20:36:17 osboxes systemd[1]: Started File System Check Daemon to report status.
May  2 20:36:17 osboxes systemd[1]: Found device VBOX_HARDDISK 2.
May  2 20:36:17 osboxes systemd[1]: Starting File System Check on /dev/disk/by-uuid/650c906b-5b09-453b-ac18-5b5cdfa453ac...
May  2 20:36:17 osboxes systemd-fsck[472]: /dev/sda4: clean, 15/17702912 files, 1388794/70800640 blocks
May  2 20:36:17 osboxes systemd[1]: Finished File System Check on /dev/disk/by-uuid/8d9a49d0-79ba-4f7a-b31a-6d94b51e8045.
May  2 20:36:17 osboxes systemd[1]: Mounting /home...
May  2 20:36:17 osboxes systemd-fsck[473]: /dev/sda2: clean, 314/61056 files, 26618/244224 blocks
May  2 20:36:17 osboxes systemd[1]: Finished File System Check on /dev/disk/by-uuid/650c906b-5b09-453b-ac18-5b5cdfa453ac.
May  2 20:36:17 osboxes systemd[1]: Mounting /boot...
May  2 20:36:17 osboxes systemd[1]: Mounted /home.
May  2 20:36:17 osboxes systemd[1]: Mounted /boot.
May  2 20:36:17 osboxes systemd[1]: Reached target Local File Systems.
May  2 20:36:17 osboxes systemd[1]: Starting Load AppArmor profiles...
May  2 20:36:17 osboxes systemd[1]: Starting Set console font and keymap...
May  2 20:36:17 osboxes systemd[1]: Starting Tell Plymouth To Write Out Runtime Data...
May  2 20:36:17 osboxes systemd[1]: Condition check resulted in Store a System Token in an EFI Variable being skipped.
May  2 20:36:17 osboxes apparmor.systemd[481]: Restarting AppArmor
May  2 20:36:17 osboxes systemd[1]: Starting Commit a transient machine-id on disk...
May  2 20:36:17 osboxes apparmor.systemd[481]: Reloading AppArmor profiles
May  2 20:36:17 osboxes systemd[1]: Starting Create Volatile Files and Directories...
May  2 20:36:17 osboxes systemd[1]: Finished Set console font and keymap.
May  2 20:36:17 osboxes systemd[1]: etc-machine\x2did.mount: Succeeded.
May  2 20:36:17 osboxes systemd[1]: Finished Commit a transient machine-id on disk.
May  2 20:36:17 osboxes systemd[1]: Finished Create Volatile Files and Directories.
May  2 20:36:17 osboxes systemd[1]: Starting Network Name Resolution...
May  2 20:36:17 osboxes systemd[1]: Starting Network Time Synchronization...
May  2 20:36:17 osboxes systemd[1]: Starting Update UTMP about System Boot/Shutdown...
May  2 20:36:17 osboxes systemd[1]: Finished Update UTMP about System Boot/Shutdown.
May  2 20:36:17 osboxes systemd[1]: Received SIGRTMIN+20 from PID 323 (plymouthd).
May  2 20:36:17 osboxes systemd[1]: plymouth-read-write.service: Succeeded.
May  2 20:36:17 osboxes systemd[1]: Finished Tell Plymouth To Write Out Runtime Data.
May  2 20:36:17 osboxes systemd[1]: Started Network Time Synchronization.
May  2 20:36:17 osboxes systemd[1]: Reached target System Time Set.
May  2 20:36:17 osboxes systemd[1]: Reached target System Time Synchronized.
May  2 20:36:17 osboxes systemd-resolved[493]: Positive Trust Anchors:
May  2 20:36:17 osboxes systemd-resolved[493]: . IN DS 20326 8 2 e06d44b80b8f1d39a95c0b0d7c65d08458e880409bbc683457104237c7f8ec8d
May  2 20:36:17 osboxes systemd-resolved[493]: Negative trust anchors: 10.in-addr.arpa 16.172.in-addr.arpa 17.172.in-addr.arpa 18.172.in-addr.arpa 19.172.in-addr.arpa 20.172.in-addr.arpa 21.172.in-addr.arpa 22.172.in-addr.arpa 23.172.in-addr.arpa 24.172.in-addr.arpa 25.172.in-addr.arpa 26.172.in-addr.arpa 27.172.in-addr.arpa 28.172.in-addr.arpa 29.172.in-addr.arpa 30.172.in-addr.arpa 31.172.in-addr.arpa 168.192.in-addr.arpa d.f.ip6.arpa corp home internal intranet lan local private test
May  2 20:36:17 osboxes systemd-resolved[493]: Using system hostname 'osboxes'.
May  2 20:36:17 osboxes systemd[1]: Started Network Name Resolution.
May  2 20:36:17 osboxes systemd[1]: Reached target Host and Network Name Lookups.
May  2 20:36:17 osboxes systemd[1]: Condition check resulted in Dispatch Password Requests to Console Directory Watch being skipped.
May  2 20:36:17 osboxes systemd[1]: Starting Tell Plymouth To Write Out Runtime Data...
May  2 20:36:17 osboxes systemd[1]: Condition check resulted in Set Up Additional Binary Formats being skipped.
May  2 20:36:17 osboxes systemd[1]: Condition check resulted in Store a System Token in an EFI Variable being skipped.
May  2 20:36:17 osboxes systemd[1]: Condition check resulted in Rebuild Hardware Database being skipped.
May  2 20:36:17 osboxes systemd[1]: Condition check resulted in Platform Persistent Storage Archival being skipped.
May  2 20:36:17 osboxes systemd[1]: Received SIGRTMIN+20 from PID 323 (plymouthd).
May  2 20:36:17 osboxes systemd[1]: plymouth-read-write.service: Succeeded.
May  2 20:36:17 osboxes systemd[1]: Finished Tell Plymouth To Write Out Runtime Data.
May  2 20:36:17 osboxes systemd-udevd[312]: controlC0: Process '/usr/sbin/alsactl -E HOME=/run/alsa -E XDG_RUNTIME_DIR=/run/alsa/runtime restore 0' failed with exit code 99.
May  2 20:36:17 osboxes apparmor.systemd[507]: Skipping profile in /etc/apparmor.d/disable: usr.sbin.rsyslogd
May  2 20:36:17 osboxes apparmor.systemd[512]: Skipping profile in /etc/apparmor.d/disable: usr.bin.firefox
May  2 20:36:17 osboxes systemd[1]: Finished Load AppArmor profiles.
May  2 20:36:17 osboxes systemd[1]: Starting Load AppArmor profiles managed internally by snapd...
May  2 20:36:17 osboxes snapd-apparmor[535]: find: â€˜/var/lib/snapd/apparmor/profiles/â€™: No such file or directory
May  2 20:36:17 osboxes systemd[1]: Finished Load AppArmor profiles managed internally by snapd.
May  2 20:36:17 osboxes systemd[1]: Reached target System Initialization.
May  2 20:36:17 osboxes systemd[1]: Started ACPI Events Check.
May  2 20:36:17 osboxes systemd[1]: Condition check resulted in Process error reports when automatic reporting is enabled (file watch) being skipped.
May  2 20:36:17 osboxes systemd[1]: Started CUPS Scheduler.
May  2 20:36:17 osboxes systemd[1]: Started Trigger anacron every hour.
May  2 20:36:17 osboxes systemd[1]: Started Daily apt download activities.
May  2 20:36:17 osboxes systemd[1]: Started Daily apt upgrade and clean activities.
May  2 20:36:17 osboxes systemd[1]: Started Periodic ext4 Online Metadata Check for All Filesystems.
May  2 20:36:17 osboxes systemd[1]: Started Discard unused blocks once a week.
May  2 20:36:17 osboxes systemd[1]: Started Refresh fwupd metadata regularly.
May  2 20:36:17 osboxes systemd[1]: Started Daily rotation of log files.
May  2 20:36:17 osboxes systemd[1]: Started Daily man-db regeneration.
May  2 20:36:17 osboxes systemd[1]: Started Message of the Day.
May  2 20:36:17 osboxes systemd[1]: Condition check resulted in Timer to automatically fetch and run repair assertions being skipped.
May  2 20:36:17 osboxes systemd[1]: Started Daily Cleanup of Temporary Directories.
May  2 20:36:17 osboxes systemd[1]: Reached target Paths.
May  2 20:36:17 osboxes systemd[1]: Reached target Timers.
May  2 20:36:17 osboxes systemd[1]: Listening on ACPID Listen Socket.
May  2 20:36:17 osboxes systemd[1]: Condition check resulted in Unix socket for apport crash forwarding being skipped.
May  2 20:36:17 osboxes systemd[1]: Listening on Avahi mDNS/DNS-SD Stack Activation Socket.
May  2 20:36:17 osboxes systemd[1]: Listening on CUPS Scheduler.
May  2 20:36:17 osboxes systemd[1]: Listening on D-Bus System Message Bus Socket.
May  2 20:36:17 osboxes systemd[1]: Starting Socket activation for snappy daemon.
May  2 20:36:17 osboxes systemd[1]: Listening on UUID daemon activation socket.
May  2 20:36:17 osboxes systemd[1]: Listening on Socket activation for snappy daemon.
May  2 20:36:17 osboxes systemd[1]: Reached target Sockets.
May  2 20:36:17 osboxes systemd[1]: Reached target Basic System.
May  2 20:36:17 osboxes systemd[1]: Starting Accounts Service...
May  2 20:36:17 osboxes systemd[1]: Started ACPI event daemon.
May  2 20:36:17 osboxes systemd[1]: Started Run anacron jobs.
May  2 20:36:17 osboxes systemd[1]: Starting LSB: automatic crash report generation...
May  2 20:36:17 osboxes anacron[540]: Anacron 2.3 started on 2020-05-02
May  2 20:36:17 osboxes systemd[1]: Starting Avahi mDNS/DNS-SD Stack...
May  2 20:36:17 osboxes anacron[540]: Will run job `cron.daily' in 5 min.
May  2 20:36:17 osboxes anacron[540]: Will run job `cron.weekly' in 10 min.
May  2 20:36:17 osboxes anacron[540]: Will run job `cron.monthly' in 15 min.
May  2 20:36:17 osboxes anacron[540]: Jobs will be executed sequentially
May  2 20:36:17 osboxes systemd[1]: Started Regular background program processing daemon.
May  2 20:36:17 osboxes avahi-daemon[544]: Found user 'avahi' (UID 115) and group 'avahi' (GID 121).
May  2 20:36:17 osboxes systemd[1]: Started CUPS Scheduler.
May  2 20:36:17 osboxes cron[547]: (CRON) INFO (pidfile fd = 3)
May  2 20:36:17 osboxes cron[547]: (CRON) INFO (Running @reboot jobs)
May  2 20:36:17 osboxes systemd[1]: Started D-Bus System Message Bus.
May  2 20:36:17 osboxes systemd[1]: Starting Network Manager...
May  2 20:36:17 osboxes acpid: starting up with netlink and the input layer
May  2 20:36:17 osboxes systemd[1]: Started Save initial kernel messages after boot.
May  2 20:36:17 osboxes acpid: 8 rules loaded
May  2 20:36:17 osboxes acpid: waiting for events: event logging is off
May  2 20:36:17 osboxes systemd[1]: Starting Remove Stale Online ext4 Metadata Check Snapshots...
May  2 20:36:17 osboxes systemd[1]: Condition check resulted in getty on tty2-tty6 if dbus and logind are not available being skipped.
May  2 20:36:17 osboxes systemd[1]: Reached target Login Prompts.
May  2 20:36:17 osboxes systemd[1]: Starting Detect the available GPUs and deal with any system changes...
May  2 20:36:17 osboxes systemd[1]: Starting LSB: Record successful boot for GRUB...
May  2 20:36:17 osboxes systemd[1]: Starting GRUB failed boot detection...
May  2 20:36:17 osboxes systemd[1]: Started irqbalance daemon.
May  2 20:36:17 osboxes systemd[1]: Starting Dispatcher daemon for systemd-networkd...
May  2 20:36:17 osboxes systemd[1]: Condition check resulted in Set the CPU Frequency Scaling governor being skipped.
May  2 20:36:17 osboxes systemd[1]: Starting Authorization Manager...
May  2 20:36:17 osboxes systemd[1]: Starting Restore /etc/resolv.conf if the system crashed before the ppp link was shut down...
May  2 20:36:17 osboxes /usr/sbin/irqbalance: Balancing is ineffective on systems with a single cpu.  Shutting down
May  2 20:36:17 osboxes systemd[1]: Starting System Logging Service...
May  2 20:36:17 osboxes systemd[1]: Condition check resulted in Secure Boot updates for DB and DBX being skipped.
May  2 20:36:17 osboxes systemd[1]: Condition check resulted in Automatically repair incorrect owner/permissions on core devices being skipped.
May  2 20:36:17 osboxes systemd[1]: Condition check resulted in Wait for the Ubuntu Core chooser trigger being skipped.
May  2 20:36:17 osboxes systemd[1]: Starting Snap Daemon...
May  2 20:36:17 osboxes systemd[1]: Starting Switcheroo Control Proxy service...
May  2 20:36:17 osboxes systemd[1]: Starting Login Service...
May  2 20:36:17 osboxes systemd[1]: Starting Thermal Daemon Service...
May  2 20:36:17 osboxes systemd[1]: Starting Disk Manager...
May  2 20:36:17 osboxes NetworkManager[550]: <info>  [1588466177.4980] NetworkManager (version 1.22.10) is starting... (for the first time)
May  2 20:36:17 osboxes NetworkManager[550]: <info>  [1588466177.4996] Read config: /etc/NetworkManager/NetworkManager.conf (lib: 10-dns-resolved.conf, 20-connectivity-ubuntu.conf, no-mac-addr-change.conf) (run: 10-globally-managed-devices.conf) (etc: default-wifi-powersave-on.conf)
May  2 20:36:17 osboxes NetworkManager[550]: <warn>  [1588466177.4996] config: unknown key 'wifi.cloned-mac-address' in section [device-mac-addr-change-wifi] of file '/usr/lib/NetworkManager/conf.d/no-mac-addr-change.conf'
May  2 20:36:17 osboxes NetworkManager[550]: <warn>  [1588466177.4996] config: unknown key 'ethernet.cloned-mac-address' in section [device-mac-addr-change-wifi] of file '/usr/lib/NetworkManager/conf.d/no-mac-addr-change.conf'
May  2 20:36:17 osboxes systemd[1]: Starting WPA supplicant...
May  2 20:36:17 osboxes udisksd[588]: udisks daemon version 2.8.4 starting
May  2 20:36:17 osboxes systemd[1]: e2scrub_reap.service: Succeeded.
May  2 20:36:17 osboxes systemd[1]: Finished Remove Stale Online ext4 Metadata Check Snapshots.
May  2 20:36:17 osboxes systemd[1]: gpu-manager.service: Succeeded.
May  2 20:36:17 osboxes systemd[1]: Finished Detect the available GPUs and deal with any system changes.
May  2 20:36:17 osboxes systemd[1]: irqbalance.service: Succeeded.
May  2 20:36:17 osboxes systemd[1]: pppd-dns.service: Succeeded.
May  2 20:36:17 osboxes systemd[1]: Finished Restore /etc/resolv.conf if the system crashed before the ppp link was shut down.
May  2 20:36:17 osboxes avahi-daemon[544]: Successfully dropped root privileges.
May  2 20:36:17 osboxes avahi-daemon[544]: avahi-daemon 0.7 starting up.
May  2 20:36:17 osboxes systemd[1]: grub-initrd-fallback.service: Succeeded.
May  2 20:36:17 osboxes systemd[1]: Finished GRUB failed boot detection.
May  2 20:36:17 osboxes rsyslogd: imuxsock: Acquired UNIX socket '/run/systemd/journal/syslog' (fd 3) from systemd.  [v8.2001.0]
May  2 20:36:17 osboxes rsyslogd: rsyslogd's groupid changed to 110
May  2 20:36:17 osboxes rsyslogd: rsyslogd's userid changed to 104
May  2 20:36:17 osboxes rsyslogd: [origin software="rsyslogd" swVersion="8.2001.0" x-pid="579" x-info="https://www.rsyslog.com"] start
May  2 20:36:17 osboxes systemd[1]: Started System Logging Service.
May  2 20:36:17 osboxes apport[541]:  * Starting automatic crash report generation: apport
May  2 20:36:17 osboxes grub-common[554]:  * Recording successful boot for GRUB
May  2 20:36:17 osboxes snapd[580]: AppArmor status: apparmor is enabled and all features are available
May  2 20:36:17 osboxes apport[541]:    ...done.
May  2 20:36:17 osboxes systemd[1]: Started LSB: automatic crash report generation.
May  2 20:36:17 osboxes grub-common[554]:    ...done.
May  2 20:36:17 osboxes systemd[1]: Started LSB: Record successful boot for GRUB.
May  2 20:36:17 osboxes dbus-daemon[549]: dbus[549]: Unknown group "power" in message bus configuration file
May  2 20:36:17 osboxes snapd[580]: daemon.go:343: started snapd/2.44.3+20.04 (series 16; classic) ubuntu/20.04 (amd64) linux/5.4.0-26-generic.
May  2 20:36:17 osboxes dbus-daemon[549]: [system] AppArmor D-Bus mediation is enabled
May  2 20:36:17 osboxes systemd[1]: Started Thermal Daemon Service.
May  2 20:36:17 osboxes wpa_supplicant[590]: Successfully initialized wpa_supplicant
May  2 20:36:17 osboxes systemd[1]: Started WPA supplicant.
May  2 20:36:17 osboxes systemd[1]: Started Avahi mDNS/DNS-SD Stack.
May  2 20:36:17 osboxes thermald[587]: [WARN]NO RAPL sysfs present
May  2 20:36:17 osboxes thermald[587]: [WARN]13 CPUID levels; family:model:stepping 0x6:3c:3 (6:60:3)
May  2 20:36:17 osboxes thermald[587]: [WARN]Polling mode is enabled: 4
May  2 20:36:17 osboxes thermald[587]: [WARN]Thermal DTS: No coretemp sysfs found
May  2 20:36:17 osboxes thermald[587]: [WARN]sensor id 0 : No temp sysfs for reading raw temp
May  2 20:36:17 osboxes thermald[587]: message repeated 2 times: [ [WARN]sensor id 0 : No temp sysfs for reading raw temp]
May  2 20:36:17 osboxes systemd[1]: Started Make remote CUPS printers available locally.
May  2 20:36:17 osboxes thermald[587]: I/O warning : failed to load external entity "/etc/thermald/thermal-conf.xml"
May  2 20:36:17 osboxes thermald[587]: [WARN]error: could not parse file /etc/thermald/thermal-conf.xml
May  2 20:36:17 osboxes thermald[587]: [WARN]sysfs open failed
May  2 20:36:17 osboxes thermald[587]: I/O warning : failed to load external entity "/etc/thermald/thermal-conf.xml"
May  2 20:36:17 osboxes thermald[587]: [WARN]error: could not parse file /etc/thermald/thermal-conf.xml
May  2 20:36:17 osboxes thermald[587]: [ERR]Thermal DTS or hwmon: No Zones present Need to configure manually
May  2 20:36:17 osboxes thermald[587]: I/O warning : failed to load external entity "/etc/thermald/thermal-conf.xml"
May  2 20:36:17 osboxes thermald[587]: [WARN]error: could not parse file /etc/thermald/thermal-conf.xml
May  2 20:36:17 osboxes thermald[587]: [ERR]No thermal sensors found
May  2 20:36:17 osboxes thermald[587]: [ERR]THD engine start failed
May  2 20:36:17 osboxes systemd[1]: thermald.service: Succeeded.
May  2 20:36:17 osboxes avahi-daemon[544]: Successfully called chroot().
May  2 20:36:17 osboxes avahi-daemon[544]: Successfully dropped remaining capabilities.
May  2 20:36:17 osboxes avahi-daemon[544]: No service file found in /etc/avahi/services.
May  2 20:36:17 osboxes avahi-daemon[544]: Joining mDNS multicast group on interface lo.IPv6 with address ::1.
May  2 20:36:17 osboxes avahi-daemon[544]: New relevant interface lo.IPv6 for mDNS.
May  2 20:36:17 osboxes avahi-daemon[544]: Joining mDNS multicast group on interface lo.IPv4 with address 127.0.0.1.
May  2 20:36:17 osboxes avahi-daemon[544]: New relevant interface lo.IPv4 for mDNS.
May  2 20:36:17 osboxes avahi-daemon[544]: Network interface enumeration completed.
May  2 20:36:17 osboxes avahi-daemon[544]: Registering new address record for ::1 on lo.*.
May  2 20:36:17 osboxes avahi-daemon[544]: Registering new address record for 127.0.0.1 on lo.IPv4.
May  2 20:36:17 osboxes NetworkManager[550]: <info>  [1588466177.8506] bus-manager: acquired D-Bus service "org.freedesktop.NetworkManager"
May  2 20:36:17 osboxes systemd[1]: Started Network Manager.
May  2 20:36:17 osboxes systemd[1]: Reached target Network.
May  2 20:36:17 osboxes NetworkManager[550]: <info>  [1588466177.8556] manager[0x56083b1fb030]: monitoring kernel firmware directory '/lib/firmware'.
May  2 20:36:17 osboxes NetworkManager[550]: <info>  [1588466177.8557] monitoring ifupdown state file '/run/network/ifstate'.
May  2 20:36:17 osboxes systemd[1]: Starting Network Manager Wait Online...
May  2 20:36:17 osboxes udisksd[588]: failed to load module mdraid: libbd_mdraid.so.2: cannot open shared object file: No such file or directory
May  2 20:36:17 osboxes dbus-daemon[549]: [system] Activating via systemd: service name='org.freedesktop.hostname1' unit='dbus-org.freedesktop.hostname1.service' requested by ':1.9' (uid=0 pid=550 comm="/usr/sbin/NetworkManager --no-daemon " label="unconfined")
May  2 20:36:17 osboxes systemd[1]: Starting OpenVPN service...
May  2 20:36:17 osboxes systemd[1]: Condition check resulted in fast remote file copy program daemon being skipped.
May  2 20:36:17 osboxes polkitd[572]: started daemon version 0.105 using authority implementation `local' version `0.105'
May  2 20:36:17 osboxes systemd[1]: Starting Permit User Sessions...
May  2 20:36:17 osboxes udisksd[588]: Failed to load the 'mdraid' libblockdev plugin
May  2 20:36:17 osboxes systemd[1]: Finished OpenVPN service.
May  2 20:36:17 osboxes snapd[580]: daemon.go:436: adjusting startup timeout by 30s (pessimistic estimate of 30s plus 5s per snap)
May  2 20:36:17 osboxes systemd[1]: Finished Permit User Sessions.
May  2 20:36:17 osboxes systemd[1]: Started Switcheroo Control Proxy service.
May  2 20:36:17 osboxes systemd[1]: Started Authorization Manager.
May  2 20:36:17 osboxes systemd[1]: Starting Modem Manager...
May  2 20:36:17 osboxes systemd[1]: Condition check resulted in Manage Sound Card State (restore and store) being skipped.
May  2 20:36:17 osboxes systemd[1]: Starting Save/Restore Sound Card State...
May  2 20:36:17 osboxes systemd[1]: Starting GNOME Display Manager...
May  2 20:36:17 osboxes systemd[1]: Starting Hold until boot process finishes up...
May  2 20:36:18 osboxes systemd[1]: Starting Hostname Service...
May  2 20:36:18 osboxes alsactl[652]: /usr/sbin/alsactl: load_state:1683: Cannot open /var/lib/alsa/asound.state for reading: No such file or directory
May  2 20:36:18 osboxes alsactl[652]: Found hardware: "ICH" "Analog Devices AD1980" "AC97a:41445370" "0x1028" "0x0177"
May  2 20:36:18 osboxes alsactl[652]: Hardware is initialized using a generic method
May  2 20:36:18 osboxes systemd[1]: Finished Save/Restore Sound Card State.
May  2 20:36:18 osboxes systemd[1]: Reached target Sound Card.
May  2 20:36:18 osboxes snapd[580]: helpers.go:105: error trying to compare the snap system key: system-key missing on disk
May  2 20:36:18 osboxes ModemManager[643]: <info>  ModemManager (version 1.12.8) starting in system bus...
May  2 20:36:18 osboxes accounts-daemon[538]: started daemon version 0.6.55
May  2 20:36:18 osboxes systemd[1]: Started Accounts Service.
May  2 20:36:18 osboxes systemd[1]: Started GNOME Display Manager.
May  2 20:36:18 osboxes systemd[1]: Started Snap Daemon.
May  2 20:36:18 osboxes systemd[1]: Starting Wait until snapd is fully seeded...
May  2 20:36:18 osboxes dbus-daemon[549]: [system] Activating via systemd: service name='org.freedesktop.login1' unit='dbus-org.freedesktop.login1.service' requested by ':1.16' (uid=0 pid=676 comm="/usr/sbin/gdm3 " label="unconfined")
May  2 20:36:18 osboxes systemd[1]: Received SIGRTMIN+21 from PID 323 (plymouthd).
May  2 20:36:18 osboxes systemd[1]: Condition check resulted in Load Kernel Module drm being skipped.
May  2 20:36:18 osboxes networkd-dispatcher[694]: WARNING: systemd-networkd is not running, output will be incomplete.
May  2 20:36:18 osboxes systemd[1]: Started Dispatcher daemon for systemd-networkd.
May  2 20:36:18 osboxes systemd[1]: Started Modem Manager.
May  2 20:36:18 osboxes systemd[1]: Started Disk Manager.
May  2 20:36:18 osboxes udisksd[588]: Acquired the name org.freedesktop.UDisks2 on the system message bus
May  2 20:36:18 osboxes avahi-daemon[544]: Server startup complete. Host name is osboxes.local. Local service cookie is 3255234239.
May  2 20:36:18 osboxes dbus-daemon[549]: [system] Successfully activated service 'org.freedesktop.login1'
May  2 20:36:18 osboxes systemd[1]: Started Login Service.
May  2 20:36:18 osboxes systemd[1]: Started Unattended Upgrades Shutdown.
May  2 20:36:18 osboxes systemd[1]: Created slice User Slice of UID 125.
May  2 20:36:19 osboxes systemd[1]: Starting User Runtime Directory /run/user/125...
May  2 20:36:19 osboxes systemd[1]: Finished User Runtime Directory /run/user/125.
May  2 20:36:19 osboxes systemd[1]: Starting User Manager for UID 125...
May  2 20:36:19 osboxes dbus-daemon[549]: [system] Successfully activated service 'org.freedesktop.hostname1'
May  2 20:36:19 osboxes systemd[1]: Started Hostname Service.
May  2 20:36:19 osboxes NetworkManager[550]: <info>  [1588466179.1640] hostname: hostname: using hostnamed
May  2 20:36:19 osboxes NetworkManager[550]: <info>  [1588466179.1640] hostname: hostname changed from (none) to "osboxes"
May  2 20:36:19 osboxes NetworkManager[550]: <info>  [1588466179.1642] dns-mgr[0x56083b1e5290]: init: dns=systemd-resolved rc-manager=symlink, plugin=systemd-resolved
May  2 20:36:19 osboxes NetworkManager[550]: <info>  [1588466179.1645] manager[0x56083b1fb030]: rfkill: Wi-Fi hardware radio set enabled
May  2 20:36:19 osboxes NetworkManager[550]: <info>  [1588466179.1645] manager[0x56083b1fb030]: rfkill: WWAN hardware radio set enabled
May  2 20:36:19 osboxes NetworkManager[550]: <info>  [1588466179.1712] Loaded device plugin: NMWifiFactory (/usr/lib/x86_64-linux-gnu/NetworkManager/1.22.10/libnm-device-plugin-wifi.so)
May  2 20:36:19 osboxes NetworkManager[550]: <info>  [1588466179.1754] Loaded device plugin: NMBluezManager (/usr/lib/x86_64-linux-gnu/NetworkManager/1.22.10/libnm-device-plugin-bluetooth.so)
May  2 20:36:19 osboxes NetworkManager[550]: <info>  [1588466179.1762] Loaded device plugin: NMWwanFactory (/usr/lib/x86_64-linux-gnu/NetworkManager/1.22.10/libnm-device-plugin-wwan.so)
May  2 20:36:19 osboxes NetworkManager[550]: <info>  [1588466179.1802] Loaded device plugin: NMTeamFactory (/usr/lib/x86_64-linux-gnu/NetworkManager/1.22.10/libnm-device-plugin-team.so)
May  2 20:36:19 osboxes NetworkManager[550]: <info>  [1588466179.1825] Loaded device plugin: NMAtmManager (/usr/lib/x86_64-linux-gnu/NetworkManager/1.22.10/libnm-device-plugin-adsl.so)
May  2 20:36:19 osboxes NetworkManager[550]: <info>  [1588466179.1833] manager: rfkill: Wi-Fi enabled by radio killswitch; enabled by state file
May  2 20:36:19 osboxes NetworkManager[550]: <info>  [1588466179.1841] manager: rfkill: WWAN enabled by radio killswitch; enabled by state file
May  2 20:36:19 osboxes NetworkManager[550]: <info>  [1588466179.1849] manager: Networking is enabled by state file
May  2 20:36:19 osboxes dbus-daemon[549]: [system] Activating via systemd: service name='org.freedesktop.nm_dispatcher' unit='dbus-org.freedesktop.nm-dispatcher.service' requested by ':1.9' (uid=0 pid=550 comm="/usr/sbin/NetworkManager --no-daemon " label="unconfined")
May  2 20:36:19 osboxes NetworkManager[550]: <info>  [1588466179.1855] dhcp-init: Using DHCP client 'internal'
May  2 20:36:19 osboxes systemd[1]: Starting Network Manager Script Dispatcher Service...
May  2 20:36:19 osboxes NetworkManager[550]: <info>  [1588466179.1935] settings: Loaded settings plugin: ifupdown ("/usr/lib/x86_64-linux-gnu/NetworkManager/1.22.10/libnm-settings-plugin-ifupdown.so")
May  2 20:36:19 osboxes NetworkManager[550]: <info>  [1588466179.1938] settings: Loaded settings plugin: keyfile (internal)
May  2 20:36:19 osboxes NetworkManager[550]: <info>  [1588466179.1939] ifupdown: management mode: unmanaged
May  2 20:36:19 osboxes NetworkManager[550]: <warn>  [1588466179.1949] ifupdown: interfaces file /etc/network/interfaces doesn't exist
May  2 20:36:19 osboxes NetworkManager[550]: <info>  [1588466179.2001] device (lo): carrier: link connected
May  2 20:36:19 osboxes NetworkManager[550]: <info>  [1588466179.2012] manager: (lo): new Generic device (/org/freedesktop/NetworkManager/Devices/1)
May  2 20:36:19 osboxes dbus-daemon[549]: [system] Successfully activated service 'org.freedesktop.nm_dispatcher'
May  2 20:36:19 osboxes systemd[1]: Started Network Manager Script Dispatcher Service.
May  2 20:36:19 osboxes NetworkManager[550]: <warn>  [1588466179.2103] Error: failed to open /run/network/ifstate
May  2 20:36:19 osboxes NetworkManager[550]: <info>  [1588466179.2267] modem-manager: ModemManager available
May  2 20:36:19 osboxes NetworkManager[550]: <info>  [1588466179.2507] manager: startup complete
May  2 20:36:19 osboxes systemd[1]: Finished Network Manager Wait Online.
May  2 20:36:19 osboxes systemd[1]: Reached target Network is Online.
May  2 20:36:19 osboxes systemd[1]: Starting Tool to automatically collect and submit kernel crash signatures...
May  2 20:36:19 osboxes systemd[1]: Started crash report submission daemon.
May  2 20:36:19 osboxes systemd[1]: kerneloops.service: Found left-over process 721 (kerneloops) in control group while starting unit. Ignoring.
May  2 20:36:19 osboxes systemd[1]: This usually indicates unclean termination of a previous run, or service implementation deficiencies.
May  2 20:36:19 osboxes systemd[1]: Started Tool to automatically collect and submit kernel crash signatures.
May  2 20:36:19 osboxes whoopsie[720]: [20:36:19] Using lock path: /var/lock/whoopsie/lock
May  2 20:36:19 osboxes whoopsie[720]: [20:36:19] offline
May  2 20:36:19 osboxes systemd[708]: Started Pending report trigger for Ubuntu Report.
May  2 20:36:19 osboxes systemd[708]: Reached target Paths.
May  2 20:36:19 osboxes systemd[708]: Reached target Timers.
May  2 20:36:19 osboxes systemd[708]: Starting D-Bus User Message Bus Socket.
May  2 20:36:19 osboxes systemd[708]: Listening on GnuPG network certificate management daemon.
May  2 20:36:19 osboxes systemd[708]: Listening on GnuPG cryptographic agent and passphrase cache (access for web browsers).
May  2 20:36:19 osboxes systemd[708]: Listening on GnuPG cryptographic agent and passphrase cache (restricted).
May  2 20:36:19 osboxes systemd[708]: Listening on GnuPG cryptographic agent (ssh-agent emulation).
May  2 20:36:19 osboxes systemd[708]: Listening on GnuPG cryptographic agent and passphrase cache.
May  2 20:36:19 osboxes systemd[708]: Listening on debconf communication socket.
May  2 20:36:19 osboxes systemd[708]: Listening on Sound System.
May  2 20:36:19 osboxes systemd[708]: Listening on REST API socket for snapd user session agent.
May  2 20:36:19 osboxes systemd[708]: Listening on D-Bus User Message Bus Socket.
May  2 20:36:19 osboxes systemd[708]: Reached target Sockets.
May  2 20:36:19 osboxes systemd[708]: Reached target Basic System.
May  2 20:36:19 osboxes systemd[1]: Started User Manager for UID 125.
May  2 20:36:19 osboxes systemd[1]: Started Session c1 of user gdm.
May  2 20:36:19 osboxes systemd[708]: Starting Sound Service...
May  2 20:36:19 osboxes systemd[708]: Starting Tracker metadata extractor...
May  2 20:36:19 osboxes systemd[708]: Starting Tracker file system data miner...
May  2 20:36:19 osboxes systemd[708]: Started D-Bus User Message Bus.
May  2 20:36:19 osboxes tracker-miner-f[731]: Set scheduler policy to SCHED_IDLE
May  2 20:36:19 osboxes tracker-extract[728]: Set scheduler policy to SCHED_IDLE
May  2 20:36:19 osboxes dbus-daemon[732]: [session uid=125 pid=732] AppArmor D-Bus mediation is enabled
May  2 20:36:19 osboxes tracker-miner-f[731]: Setting priority nice level to 19
May  2 20:36:19 osboxes tracker-extract[728]: Setting priority nice level to 19
May  2 20:36:19 osboxes dbus-daemon[732]: [session uid=125 pid=732] Activating via systemd: service name='org.gtk.vfs.Daemon' unit='gvfs-daemon.service' requested by ':1.3' (uid=125 pid=731 comm="/usr/libexec/tracker-miner-fs " label="unconfined")
May  2 20:36:19 osboxes systemd[708]: Starting Virtual filesystem service...
May  2 20:36:19 osboxes dbus-daemon[732]: [session uid=125 pid=732] Successfully activated service 'org.gtk.vfs.Daemon'
May  2 20:36:19 osboxes systemd[708]: Started Virtual filesystem service.
May  2 20:36:19 osboxes tracker-miner-f[731]: Unable to get XDG user directory path for special directory &DOCUMENTS. Ignoring this location.
May  2 20:36:19 osboxes tracker-miner-f[731]: Unable to get XDG user directory path for special directory &MUSIC. Ignoring this location.
May  2 20:36:19 osboxes tracker-miner-f[731]: Unable to get XDG user directory path for special directory &PICTURES. Ignoring this location.
May  2 20:36:19 osboxes tracker-miner-f[731]: Unable to get XDG user directory path for special directory &VIDEOS. Ignoring this location.
May  2 20:36:19 osboxes tracker-miner-f[731]: Unable to get XDG user directory path for special directory &DOWNLOAD. Ignoring this location.
May  2 20:36:19 osboxes tracker-miner-f[731]: Unable to get XDG user directory path for special directory &DOCUMENTS. Ignoring this location.
May  2 20:36:19 osboxes tracker-miner-f[731]: Unable to get XDG user directory path for special directory &MUSIC. Ignoring this location.
May  2 20:36:19 osboxes tracker-miner-f[731]: Unable to get XDG user directory path for special directory &PICTURES. Ignoring this location.
May  2 20:36:19 osboxes tracker-miner-f[731]: Unable to get XDG user directory path for special directory &VIDEOS. Ignoring this location.
May  2 20:36:19 osboxes dbus-daemon[732]: [session uid=125 pid=732] Activating via systemd: service name='org.gtk.vfs.UDisks2VolumeMonitor' unit='gvfs-udisks2-volume-monitor.service' requested by ':1.3' (uid=125 pid=731 comm="/usr/libexec/tracker-miner-fs " label="unconfined")
May  2 20:36:19 osboxes systemd[708]: Starting Virtual filesystem service - disk device monitor...
May  2 20:36:19 osboxes systemd[708]: gnome-session.target: Requested dependency OnFailure=gnome-session-failed.target ignored (target units cannot fail).
May  2 20:36:19 osboxes systemd[708]: gnome-session@gnome-initial-setup.target: Requested dependency OnFailure=gnome-session-failed.target ignored (target units cannot fail).
May  2 20:36:19 osboxes systemd[708]: gnome-session-pre.target: Requested dependency OnFailure=gnome-session-shutdown.target ignored (target units cannot fail).
May  2 20:36:19 osboxes systemd[708]: gnome-session-initialized.target: Requested dependency OnFailure=gnome-session-shutdown.target ignored (target units cannot fail).
May  2 20:36:19 osboxes dbus-daemon[732]: [session uid=125 pid=732] Successfully activated service 'org.gtk.vfs.UDisks2VolumeMonitor'
May  2 20:36:19 osboxes dbus-daemon[732]: [session uid=125 pid=732] Activating via systemd: service name='org.gtk.vfs.MTPVolumeMonitor' unit='gvfs-mtp-volume-monitor.service' requested by ':1.3' (uid=125 pid=731 comm="/usr/libexec/tracker-miner-fs " label="unconfined")
May  2 20:36:19 osboxes systemd[708]: gnome-session-failed.target: Requested dependency OnFailure=gnome-session-shutdown.target ignored (target units cannot fail).
May  2 20:36:19 osboxes systemd[708]: gnome-session-wayland.target: Requested dependency OnFailure=gnome-session-shutdown.target ignored (target units cannot fail).
May  2 20:36:19 osboxes systemd[708]: gnome-session@gnome-login.target: Requested dependency OnFailure=gnome-session-failed.target ignored (target units cannot fail).
May  2 20:36:19 osboxes systemd[708]: Started Virtual filesystem service - disk device monitor.
May  2 20:36:19 osboxes systemd[708]: Created slice gnome\x2dsession\x2dmanager.slice.
May  2 20:36:19 osboxes systemd[708]: Started Path trigger for Avahi .local domain notifications.
May  2 20:36:19 osboxes systemd[708]: Started Path trigger for Apport crash notifications.
May  2 20:36:19 osboxes systemd[708]: Started Path trigger for new release of Ubuntu notifications.
May  2 20:36:19 osboxes systemd[708]: Starting Start gnome-keyring as SSH agent...
May  2 20:36:19 osboxes systemd[708]: Starting Start gnome-keyring for the Secrets Service, and PKCS #11...
May  2 20:36:19 osboxes systemd[708]: Starting Monitor Session leader for GNOME Session...
May  2 20:36:19 osboxes gnome-keyring-d[777]: couldn't access control socket: /run/user/125/keyring/control: No such file or directory
May  2 20:36:19 osboxes gnome-keyring-d[780]: couldn't access control socket: /run/user/125/keyring/control: No such file or directory
May  2 20:36:19 osboxes gnome-session-c[775]: Error creating FIFO: File exists
May  2 20:36:19 osboxes systemd[708]: Starting Virtual filesystem service - Media Transfer Protocol monitor...
May  2 20:36:19 osboxes systemd[708]: Starting Session Migration...
May  2 20:36:19 osboxes systemd[708]: Started Monitor Session leader for GNOME Session.
May  2 20:36:19 osboxes dbus-daemon[732]: [session uid=125 pid=732] Successfully activated service 'org.gtk.vfs.MTPVolumeMonitor'
May  2 20:36:19 osboxes systemd[708]: Started Virtual filesystem service - Media Transfer Protocol monitor.
May  2 20:36:19 osboxes dbus-daemon[732]: [session uid=125 pid=732] Activating via systemd: service name='org.gtk.vfs.GPhoto2VolumeMonitor' unit='gvfs-gphoto2-volume-monitor.service' requested by ':1.3' (uid=125 pid=731 comm="/usr/libexec/tracker-miner-fs " label="unconfined")
May  2 20:36:19 osboxes systemd[708]: Starting Virtual filesystem service - digital camera monitor...
May  2 20:36:19 osboxes gnome-keyring-d[780]: couldn't access control socket: /run/user/125/keyring/control: No such file or directory
May  2 20:36:19 osboxes sh[792]: dbus-update-activation-environment: setting SSH_AUTH_SOCK=/run/user/125/keyring/ssh
May  2 20:36:19 osboxes sh[792]: dbus-update-activation-environment: setting SSH_AGENT_LAUNCHER=gnome-keyring
May  2 20:36:19 osboxes sh[771]: /bin/sh: 1: initctl: not found
May  2 20:36:19 osboxes systemd[708]: Finished Start gnome-keyring as SSH agent.
May  2 20:36:19 osboxes systemd[708]: Started OpenSSH Agent.
May  2 20:36:19 osboxes systemd[708]: gnome-keyring.service: Succeeded.
May  2 20:36:19 osboxes systemd[708]: Finished Start gnome-keyring for the Secrets Service, and PKCS #11.
May  2 20:36:19 osboxes dbus-daemon[732]: [session uid=125 pid=732] Successfully activated service 'org.gtk.vfs.GPhoto2VolumeMonitor'
May  2 20:36:19 osboxes systemd[708]: ssh-agent.service: Succeeded.
May  2 20:36:19 osboxes systemd[708]: Started Virtual filesystem service - digital camera monitor.
May  2 20:36:19 osboxes dbus-daemon[732]: [session uid=125 pid=732] Activating via systemd: service name='org.gtk.vfs.GoaVolumeMonitor' unit='gvfs-goa-volume-monitor.service' requested by ':1.3' (uid=125 pid=731 comm="/usr/libexec/tracker-miner-fs " label="unconfined")
May  2 20:36:19 osboxes systemd[708]: Starting Virtual filesystem service - GNOME Online Accounts monitor...
May  2 20:36:19 osboxes dbus-daemon[732]: [session uid=125 pid=732] Activating service name='org.gnome.OnlineAccounts' requested by ':1.15' (uid=125 pid=799 comm="/usr/libexec/gvfs-goa-volume-monitor " label="unconfined")
May  2 20:36:20 osboxes goa-daemon[803]: goa-daemon version 3.36.0 starting
May  2 20:36:20 osboxes dbus-daemon[732]: [session uid=125 pid=732] Activating service name='org.gnome.Identity' requested by ':1.16' (uid=125 pid=803 comm="/usr/libexec/goa-daemon " label="unconfined")
May  2 20:36:20 osboxes dbus-daemon[732]: [session uid=125 pid=732] Successfully activated service 'org.gnome.OnlineAccounts'
May  2 20:36:20 osboxes dbus-daemon[732]: [session uid=125 pid=732] Successfully activated service 'org.gtk.vfs.GoaVolumeMonitor'
May  2 20:36:20 osboxes systemd[708]: Started Virtual filesystem service - GNOME Online Accounts monitor.
May  2 20:36:20 osboxes dbus-daemon[732]: [session uid=125 pid=732] Activating via systemd: service name='org.gtk.vfs.AfcVolumeMonitor' unit='gvfs-afc-volume-monitor.service' requested by ':1.3' (uid=125 pid=731 comm="/usr/libexec/tracker-miner-fs " label="unconfined")
May  2 20:36:20 osboxes systemd[708]: Starting Virtual filesystem service - Apple File Conduit monitor...
May  2 20:36:20 osboxes dbus-daemon[732]: [session uid=125 pid=732] Successfully activated service 'org.gnome.Identity'
May  2 20:36:20 osboxes dbus-daemon[732]: [session uid=125 pid=732] Successfully activated service 'org.gtk.vfs.AfcVolumeMonitor'
May  2 20:36:20 osboxes systemd[708]: Started Virtual filesystem service - Apple File Conduit monitor.
May  2 20:36:20 osboxes dbus-daemon[549]: [system] Activating via systemd: service name='org.freedesktop.UPower' unit='upower.service' requested by ':1.34' (uid=125 pid=731 comm="/usr/libexec/tracker-miner-fs " label="unconfined")
May  2 20:36:20 osboxes systemd[1]: Starting Daemon for power management...
May  2 20:36:20 osboxes dbus-daemon[732]: [session uid=125 pid=732] Activating service name='ca.desrt.dconf' requested by ':1.19' (uid=125 pid=807 comm="/usr/bin/python3 /usr/share/session-migration/scri" label="unconfined")
May  2 20:36:20 osboxes dbus-daemon[732]: [session uid=125 pid=732] Successfully activated service 'ca.desrt.dconf'
May  2 20:36:20 osboxes dbus-daemon[549]: [system] Activating via systemd: service name='org.freedesktop.RealtimeKit1' unit='rtkit-daemon.service' requested by ':1.35' (uid=125 pid=727 comm="/usr/bin/pulseaudio --daemonize=no --log-target=jo" label="unconfined")
May  2 20:36:20 osboxes systemd[1]: Starting RealtimeKit Scheduling Policy Service...
May  2 20:36:20 osboxes systemd[708]: session-migration.service: Succeeded.
May  2 20:36:20 osboxes systemd[708]: Finished Session Migration.
May  2 20:36:20 osboxes systemd[708]: Reached target Session services which should run early before the graphical session is brought up.
May  2 20:36:20 osboxes systemd[708]: Reached target Tasks to be run before GNOME Session starts.
May  2 20:36:20 osboxes systemd[708]: Starting GNOME Session Manager (session: gnome-login)...
May  2 20:36:20 osboxes dbus-daemon[549]: [system] Successfully activated service 'org.freedesktop.RealtimeKit1'
